ARM Linker, 5.03 [Build 76] [MDK-ARM Standard]

==============================================================================

Section Cross References

    key.o(.text) refers to stm32f10x_gpio.o(.text) for GPIO_ReadInputDataBit
    key.o(.text) refers to stm32f10x_rcc.o(.text) for RCC_APB2PeriphClockCmd
    key.o(.text) refers to key.o(.bss) for s_Key
    key.o(.text) refers to misc.o(.text) for NVIC_PriorityGroupConfig
    key.o(.text) refers to stm32f10x_exti.o(.text) for EXTI_Init
    led.o(.text) refers to stm32f10x_rcc.o(.text) for RCC_APB2PeriphClockCmd
    led.o(.text) refers to stm32f10x_gpio.o(.text) for GPIO_Init
    spi_flash.o(.text) refers to stm32f10x_gpio.o(.text) for GPIO_WriteBit
    spi_flash.o(.text) refers to stm32f10x_rcc.o(.text) for RCC_APB2PeriphClockCmd
    spi_flash.o(.text) refers to stm32f10x_spi.o(.text) for SPI_Init
    stm32f10x_it.o(.text) refers to stm32f10x_exti.o(.text) for EXTI_GetITStatus
    stm32f10x_it.o(.text) refers to key.o(.text) for rt_hw_userkey_isr
    board.o(.text) refers to misc.o(.text) for NVIC_SetVectorTable
    board.o(.text) refers to system_stm32f10x.o(.data) for SystemCoreClock
    serial.o(.text) refers to queue.o(.text) for xQueueGenericCreate
    serial.o(.text) refers to stm32f10x_rcc.o(.text) for RCC_APB2PeriphClockCmd
    serial.o(.text) refers to stm32f10x_gpio.o(.text) for GPIO_Init
    serial.o(.text) refers to stm32f10x_usart.o(.text) for USART_Init
    serial.o(.text) refers to misc.o(.text) for NVIC_Init
    serial.o(.text) refers to serial.o(.data) for xRxedChars
    lcd.o(.text) refers to stm32f10x_rcc.o(.text) for RCC_AHBPeriphClockCmd
    lcd.o(.text) refers to stm32f10x_gpio.o(.text) for GPIO_Init
    lcd.o(.text) refers to stm32f10x_fsmc.o(.text) for FSMC_NORSRAMInit
    lcd.o(.text) refers to tasks.o(.text) for vTaskDelay
    lcd.o(.text) refers to lcd.o(.data) for TextColor
    lcd.o(.text) refers to lcd.o(.constdata) for ASCII_Table
    lcd.o(.text) refers to spi_flash.o(.text) for SPI_FLASH_StartReadSequence
    lcd.o(.text) refers to stm32f10x_spi.o(.text) for SPI_Cmd
    lcd.o(.text) refers to lcd.o(.rev16_text) for __asm___5_lcd_c_222e715b____REV16
    timertest.o(.text) refers to stm32f10x_rcc.o(.text) for RCC_APB1PeriphClockCmd
    timertest.o(.text) refers to stm32f10x_tim.o(.text) for TIM_DeInit
    timertest.o(.text) refers to misc.o(.text) for NVIC_Init
    timertest.o(.text) refers to timertest.o(.data) for usSettleCount
    main.o(.text) refers to led.o(.text) for prvConfigureLED
    main.o(.text) refers to stm32f10x_rcc.o(.text) for RCC_APB2PeriphClockCmd
    main.o(.text) refers to misc.o(.text) for NVIC_SetVectorTable
    main.o(.text) refers to tasks.o(.text) for xTaskGenericCreate
    main.o(.text) refers to stm32f10x_gpio.o(.text) for GPIO_Init
    main.o(.text) refers to lcd.o(.text) for LCD_Init
    main.o(.text) refers to queue.o(.text) for xQueueGenericReceive
    main.o(.text) refers to printf0.o(i.__0printf$0) for __2printf
    main.o(.text) refers to main.o(.constdata) for pcBitmap
    main.o(.text) refers to main.o(.data) for xLCDQueue
    asciilib.o(.text) refers to memcpya.o(.text) for __aeabi_memcpy
    asciilib.o(.text) refers to asciilib.o(.constdata) for AsciiLib
    partest.o(.text) refers to stm32f10x_gpio.o(.text) for GPIO_Init
    partest.o(.text) refers to tasks.o(.text) for vTaskSuspendAll
    partest.o(.text) refers to partest.o(.data) for usOutputValue
    blocktim.o(.text) refers to tasks.o(.text) for vTaskSuspend
    blocktim.o(.text) refers to queue.o(.text) for xQueueGenericSend
    blocktim.o(.text) refers to blocktim.o(.data) for xRunIndicator
    death.o(.text) refers to tasks.o(.text) for vTaskDelay
    death.o(.text) refers to heap_2.o(.text) for vPortFree
    death.o(.text) refers to death.o(.data) for xCreatedTask
    dynamic.o(.text) refers to tasks.o(.text) for vTaskSuspendAll
    dynamic.o(.text) refers to queue.o(.text) for xQueueGenericReceive
    dynamic.o(.text) refers to port.o(.text) for vPortEnterCritical
    dynamic.o(.text) refers to dynamic.o(.data) for xSuspendedTestQueue
    flash.o(.text) refers to port.o(.text) for vPortEnterCritical
    flash.o(.text) refers to tasks.o(.text) for xTaskGetTickCount
    flash.o(.text) refers to partest.o(.text) for vParTestToggleLED
    flash.o(.text) refers to flash.o(.data) for uxFlashTaskNumber
    flop.o(.text) refers to heap_2.o(.text) for pvPortMalloc
    flop.o(.text) refers to dfltui.o(.text) for __aeabi_ui2d
    flop.o(.text) refers to dmul.o(.text) for __aeabi_dmul
    flop.o(.text) refers to dadd.o(.text) for __aeabi_dadd
    flop.o(.text) refers to cdrcmple.o(.text) for __aeabi_cdrcmple
    flop.o(.text) refers to ddiv.o(.text) for __aeabi_ddiv
    flop.o(.text) refers to tasks.o(.text) for xTaskGenericCreate
    flop.o(.text) refers to flop.o(.data) for usTaskCheck
    genqtest.o(.text) refers to tasks.o(.text) for vTaskSuspend
    genqtest.o(.text) refers to queue.o(.text) for xQueueGenericReceive
[...]
    Removing stm32f10x_wwdg.o(.rev16_text), (4 bytes).
    Removing stm32f10x_wwdg.o(.revsh_text), (4 bytes).
    Removing stm32f10x_wwdg.o(.text), (292 bytes).
    Removing system_stm32f10x.o(.rev16_text), (4 bytes).
    Removing system_stm32f10x.o(.revsh_text), (4 bytes).
    Removing port.o(.rev16_text), (4 bytes).
    Removing port.o(.revsh_text), (4 bytes).
    Removing heap_2.o(.rev16_text), (4 bytes).
    Removing heap_2.o(.revsh_text), (4 bytes).
    Removing dadd.o(.text), (334 bytes).
    Removing dmul.o(.text), (228 bytes).
    Removing ddiv.o(.text), (222 bytes).
    Removing dfltui.o(.text), (26 bytes).
    Removing cdrcmple.o(.text), (40 bytes).
    Removing depilogue.o(.text), (190 bytes).
    Removing dfixul.o(.text), (48 bytes).

163 unused section(s) (total 33650 bytes) removed from the image.

==============================================================================

Image Symbol Table

    Local Symbols

    Symbol Name                              Value     Ov Type        Size  Object(Section)

    ../clib/microlib/division.c              0x00000000   Number         0  uidiv.o ABSOLUTE
    ../clib/microlib/division.c              0x00000000   Number         0  uldiv.o ABSOLUTE
    ../clib/microlib/init/entry.s            0x00000000   Number         0  entry8a.o ABSOLUTE
    ../clib/microlib/init/entry.s            0x00000000   Number         0  entry11a.o ABSOLUTE
    ../clib/microlib/init/entry.s            0x00000000   Number         0  entry10b.o ABSOLUTE
    ../clib/microlib/init/entry.s            0x00000000   Number         0  entry10a.o ABSOLUTE
    ../clib/microlib/init/entry.s            0x00000000   Number         0  entry9b.o ABSOLUTE
    ../clib/microlib/init/entry.s            0x00000000   Number         0  entry9a.o ABSOLUTE
    ../clib/microlib/init/entry.s            0x00000000   Number         0  entry8b.o ABSOLUTE
    ../clib/microlib/init/entry.s            0x00000000   Number         0  entry7b.o ABSOLUTE
    ../clib/microlib/init/entry.s            0x00000000   Number         0  entry5.o ABSOLUTE
    ../clib/microlib/init/entry.s            0x00000000   Number         0  entry2.o ABSOLUTE
    ../clib/microlib/init/entry.s            0x00000000   Number         0  entry7a.o ABSOLUTE
    ../clib/microlib/init/entry.s            0x00000000   Number         0  entry.o ABSOLUTE
    ../clib/microlib/init/entry.s            0x00000000   Number         0  entry11b.o ABSOLUTE
    ../clib/microlib/longlong.c              0x00000000   Number         0  llshl.o ABSOLUTE
    ../clib/microlib/longlong.c              0x00000000   Number         0  llsshr.o ABSOLUTE
    ../clib/microlib/longlong.c              0x00000000   Number         0  llushr.o ABSOLUTE
    ../clib/microlib/printf/printf.c         0x00000000   Number         0  printf2.o ABSOLUTE
    ../clib/microlib/printf/printf.c         0x00000000   Number         0  printfa.o ABSOLUTE
    ../clib/microlib/printf/printf.c         0x00000000   Number         0  printf8.o ABSOLUTE
    ../clib/microlib/printf/printf.c         0x00000000   Number         0  printf1.o ABSOLUTE
    ../clib/microlib/printf/printf.c         0x00000000   Number         0  printf0.o ABSOLUTE
    ../clib/microlib/printf/printf.c         0x00000000   Number         0  printfb.o ABSOLUTE
    ../clib/microlib/printf/printf.c         0x00000000   Number         0  printf7.o ABSOLUTE
    ../clib/microlib/printf/printf.c         0x00000000   Number         0  printf6.o ABSOLUTE
    ../clib/microlib/printf/printf.c         0x00000000   Number         0  printf5.o ABSOLUTE
    ../clib/microlib/printf/printf.c         0x00000000   Number         0  printf4.o ABSOLUTE
    ../clib/microlib/printf/printf.c         0x00000000   Number         0  printf3.o ABSOLUTE
    ../clib/microlib/printf/stubs.s          0x00000000   Number         0  stubs.o ABSOLUTE
    ../clib/microlib/stdio/streams.c         0x00000000   Number         0  stdout.o ABSOLUTE
    ../clib/microlib/string/memcpy.c         0x00000000   Number         0  memcpya.o ABSOLUTE
    ../clib/microlib/string/memcpy.c         0x00000000   Number         0  memcpyb.o ABSOLUTE
    ../clib/microlib/stubs.s                 0x00000000   Number         0  iusefp.o ABSOLUTE
    ../fplib/microlib/fpadd.c                0x00000000   Number         0  dadd.o ABSOLUTE
    ../fplib/microlib/fpdiv.c                0x00000000   Number         0  ddiv.o ABSOLUTE
    ../fplib/microlib/fpepilogue.c           0x00000000   Number         0  depilogue.o ABSOLUTE
    ../fplib/microlib/fpfix.c                0x00000000   Number         0  dfixul.o ABSOLUTE
    ../fplib/microlib/fpflt.c                0x00000000   Number         0  dfltui.o ABSOLUTE
    ../fplib/microlib/fpmul.c                0x00000000   Number         0  dmul.o ABSOLUTE
    ..\FreeRTOS\Common\Minimal\BlockQ.c      0x00000000   Number         0  blockq.o ABSOLUTE
    ..\FreeRTOS\Common\Minimal\GenQTest.c    0x00000000   Number         0  genqtest.o ABSOLUTE
    ..\FreeRTOS\Common\Minimal\PollQ.c       0x00000000   Number         0  pollq.o ABSOLUTE
    ..\FreeRTOS\Common\Minimal\QPeek.c       0x00000000   Number         0  qpeek.o ABSOLUTE
    ..\FreeRTOS\Common\Minimal\QueueOverwrite.c 0x00000000   Number         0  queueoverwrite.o ABSOLUTE
    ..\FreeRTOS\Common\Minimal\blocktim.c    0x00000000   Number         0  blocktim.o ABSOLUTE
    ..\FreeRTOS\Common\Minimal\comtest.c     0x00000000   Number         0  comtest.o ABSOLUTE
    ..\FreeRTOS\Common\Minimal\death.c       0x00000000   Number         0  death.o ABSOLUTE
    ..\FreeRTOS\Common\Minimal\dynamic.c     0x00000000   Number         0  dynamic.o ABSOLUTE
    ..\FreeRTOS\Common\Minimal\flash.c       0x00000000   Number         0  flash.o ABSOLUTE
    ..\FreeRTOS\Common\Minimal\flop.c        0x00000000   Number         0  flop.o ABSOLUTE
    ..\FreeRTOS\Common\Minimal\integer.c     0x00000000   Number         0  integer.o ABSOLUTE
    ..\FreeRTOS\Common\Minimal\semtest.c     0x00000000   Number         0  semtest.o ABSOLUTE
    ..\FreeRTOS\Source\event_groups.c        0x00000000   Number         0  event_groups.o ABSOLUTE
    ..\FreeRTOS\Source\list.c                0x00000000   Number         0  list.o ABSOLUTE
    ..\FreeRTOS\Source\portable\MemMang\heap_2.c 0x00000000   Number         0  heap_2.o ABSOLUTE
    ..\FreeRTOS\Source\queue.c               0x00000000   Number         0  queue.o ABSOLUTE
    ..\FreeRTOS\Source\tasks.c               0x00000000   Number         0  tasks.o ABSOLUTE
    ..\FreeRTOS\Source\timers.c              0x00000000   Number         0  timers.o ABSOLUTE
    ..\Libraries\CMSIS\CM3\CoreSupport\core_cm3.c 0x00000000   Number         0  core_cm3.o ABSOLUTE
    ..\Libraries\CMSIS\CM3\DeviceSupport\ST\STM32F10x\startup\arm\startup_stm32f10x_hd.s 0x00000000   Number         0  startup_stm32f10x_hd.o ABSOLUTE
    ..\Libraries\STM32F10x_StdPeriph_Driver\src\misc.c 0x00000000   Number         0  misc.o ABSOLUTE
    ..\Libraries\STM32F10x_StdPeriph_Driver\src\stm32f10x_adc.c 0x00000000   Number         0  stm32f10x_adc.o ABSOLUTE
    ..\Libraries\STM32F10x_StdPeriph_Driver\src\stm32f10x_bkp.c 0x00000000   Number         0  stm32f10x_bkp.o ABSOLUTE
    ..\Libraries\STM32F10x_StdPeriph_Driver\src\stm32f10x_can.c 0x00000000   Number         0  stm32f10x_can.o ABSOLUTE
    ..\Libraries\STM32F10x_StdPeriph_Driver\src\stm32f10x_cec.c 0x00000000   Number         0  stm32f10x_cec.o ABSOLUTE
    ..\Libraries\STM32F10x_StdPeriph_Driver\src\stm32f10x_crc.c 0x00000000   Number         0  stm32f10x_crc.o ABSOLUTE
    ..\Libraries\STM32F10x_StdPeriph_Driver\src\stm32f10x_dac.c 0x00000000   Number         0  stm32f10x_dac.o ABSOLUTE
    ..\Libraries\STM32F10x_StdPeriph_Driver\src\stm32f10x_dbgmcu.c 0x00000000   Number         0  stm32f10x_dbgmcu.o ABSOLUTE
    ..\Libraries\STM32F10x_StdPeriph_Driver\src\stm32f10x_dma.c 0x00000000   Number         0  stm32f10x_dma.o ABSOLUTE
    ..\Libraries\STM32F10x_StdPeriph_Driver\src\stm32f10x_exti.c 0x00000000   Number         0  stm32f10x_exti.o ABSOLUTE
    ..\Libraries\STM32F10x_StdPeriph_Driver\src\stm32f10x_flash.c 0x00000000   Number         0  stm32f10x_flash.o ABSOLUTE
    ..\Libraries\STM32F10x_StdPeriph_Driver\src\stm32f10x_fsmc.c 0x00000000   Number         0  stm32f10x_fsmc.o ABSOLUTE
    ..\Libraries\STM32F10x_StdPeriph_Driver\src\stm32f10x_gpio.c 0x00000000   Number         0  stm32f10x_gpio.o ABSOLUTE
    ..\Libraries\STM32F10x_StdPeriph_Driver\src\stm32f10x_i2c.c 0x00000000   Number         0  stm32f10x_i2c.o ABSOLUTE
    ..\Libraries\STM32F10x_StdPeriph_Driver\src\stm32f10x_iwdg.c 0x00000000   Number         0  stm32f10x_iwdg.o ABSOLUTE
    ..\Libraries\STM32F10x_StdPeriph_Driver\src\stm32f10x_pwr.c 0x00000000   Number         0  stm32f10x_pwr.o ABSOLUTE
    ..\Libraries\STM32F10x_StdPeriph_Driver\src\stm32f10x_rcc.c 0x00000000   Number         0  stm32f10x_rcc.o ABSOLUTE
    ..\Libraries\STM32F10x_StdPeriph_Driver\src\stm32f10x_rtc.c 0x00000000   Number         0  stm32f10x_rtc.o ABSOLUTE
    ..\Libraries\STM32F10x_StdPeriph_Driver\src\stm32f10x_sdio.c 0x00000000   Number         0  stm32f10x_sdio.o ABSOLUTE
    ..\Libraries\STM32F10x_StdPeriph_Driver\src\stm32f10x_spi.c 0x00000000   Number         0  stm32f10x_spi.o ABSOLUTE
    ..\Libraries\STM32F10x_StdPeriph_Driver\src\stm32f10x_tim.c 0x00000000   Number         0  stm32f10x_tim.o ABSOLUTE
    ..\Libraries\STM32F10x_StdPeriph_Driver\src\stm32f10x_usart.c 0x00000000   Number         0  stm32f10x_usart.o ABSOLUTE
    ..\Libraries\STM32F10x_StdPeriph_Driver\src\stm32f10x_wwdg.c 0x00000000   Number         0  stm32f10x_wwdg.o ABSOLUTE
    ..\Libraries\STM32F10x_StdPeriph_Driver\system_stm32f10x.c 0x00000000   Number         0  system_stm32f10x.o ABSOLUTE
    ..\\FreeRTOS\\Common\\Minimal\\BlockQ.c  0x00000000   Number         0  blockq.o ABSOLUTE
    ..\\FreeRTOS\\Common\\Minimal\\GenQTest.c 0x00000000   Number         0  genqtest.o ABSOLUTE
    ..\\FreeRTOS\\Common\\Minimal\\PollQ.c   0x00000000   Number         0  pollq.o ABSOLUTE
    ..\\FreeRTOS\\Common\\Minimal\\QPeek.c   0x00000000   Number         0  qpeek.o ABSOLUTE
    ..\\FreeRTOS\\Common\\Minimal\\QueueOverwrite.c 0x00000000   Number         0  queueoverwrite.o ABSOLUTE
    ..\\FreeRTOS\\Common\\Minimal\\blocktim.c 0x00000000   Number         0  blocktim.o ABSOLUTE
    ..\\FreeRTOS\\Common\\Minimal\\comtest.c 0x00000000   Number         0  comtest.o ABSOLUTE
    ..\\FreeRTOS\\Common\\Minimal\\death.c   0x00000000   Number         0  death.o ABSOLUTE
    ..\\FreeRTOS\\Common\\Minimal\\dynamic.c 0x00000000   Number         0  dynamic.o ABSOLUTE
    ..\\FreeRTOS\\Common\\Minimal\\flash.c   0x00000000   Number         0  flash.o ABSOLUTE
    ..\\FreeRTOS\\Common\\Minimal\\flop.c    0x00000000   Number         0  flop.o ABSOLUTE
    ..\\FreeRTOS\\Common\\Minimal\\integer.c 0x00000000   Number         0  integer.o ABSOLUTE
    ..\\FreeRTOS\\Common\\Minimal\\semtest.c 0x00000000   Number         0  semtest.o ABSOLUTE
    ..\\FreeRTOS\\Source\\event_groups.c     0x00000000   Number         0  event_groups.o ABSOLUTE
    ..\\FreeRTOS\\Source\\list.c             0x00000000   Number         0  list.o ABSOLUTE
    ..\\FreeRTOS\\Source\\portable\\MemMang\\heap_2.c 0x00000000   Number         0  heap_2.o ABSOLUTE
    ..\\FreeRTOS\\Source\\portable\\RVDS\\ARM_CM3\\port.c 0x00000000   Number         0  port.o ABSOLUTE
    ..\\FreeRTOS\\Source\\queue.c            0x00000000   Number         0  queue.o ABSOLUTE
    ..\\FreeRTOS\\Source\\tasks.c            0x00000000   Number         0  tasks.o ABSOLUTE
    ..\\FreeRTOS\\Source\\timers.c           0x00000000   Number         0  timers.o ABSOLUTE
    ..\\Libraries\\CMSIS\\CM3\\CoreSupport\\core_cm3.c 0x00000000   Number         0  core_cm3.o ABSOLUTE
    ..\\Libraries\\STM32F10x_StdPeriph_Driver\\src\\misc.c 0x00000000   Number         0  misc.o ABSOLUTE
    ..\\Libraries\\STM32F10x_StdPeriph_Driver\\src\\stm32f10x_adc.c 0x00000000   Number         0  stm32f10x_adc.o ABSOLUTE
    ..\\Libraries\\STM32F10x_StdPeriph_Driver\\src\\stm32f10x_bkp.c 0x00000000   Number         0  stm32f10x_bkp.o ABSOLUTE
    ..\\Libraries\\STM32F10x_StdPeriph_Driver\\src\\stm32f10x_can.c 0x00000000   Number         0  stm32f10x_can.o ABSOLUTE
    ..\\Libraries\\STM32F10x_StdPeriph_Driver\\src\\stm32f10x_cec.c 0x00000000   Number         0  stm32f10x_cec.o ABSOLUTE
    ..\\Libraries\\STM32F10x_StdPeriph_Driver\\src\\stm32f10x_crc.c 0x00000000   Number         0  stm32f10x_crc.o ABSOLUTE
    ..\\Libraries\\STM32F10x_StdPeriph_Driver\\src\\stm32f10x_dac.c 0x00000000   Number         0  stm32f10x_dac.o ABSOLUTE
    ..\\Libraries\\STM32F10x_StdPeriph_Driver\\src\\stm32f10x_dbgmcu.c 0x00000000   Number         0  stm32f10x_dbgmcu.o ABSOLUTE
    ..\\Libraries\\STM32F10x_StdPeriph_Driver\\src\\stm32f10x_dma.c 0x00000000   Number         0  stm32f10x_dma.o ABSOLUTE
    ..\\Libraries\\STM32F10x_StdPeriph_Driver\\src\\stm32f10x_exti.c 0x00000000   Number         0  stm32f10x_exti.o ABSOLUTE
    ..\\Libraries\\STM32F10x_StdPeriph_Driver\\src\\stm32f10x_flash.c 0x00000000   Number         0  stm32f10x_flash.o ABSOLUTE
    ..\\Libraries\\STM32F10x_StdPeriph_Driver\\src\\stm32f10x_fsmc.c 0x00000000   Number         0  stm32f10x_fsmc.o ABSOLUTE
    ..\\Libraries\\STM32F10x_StdPeriph_Driver\\src\\stm32f10x_gpio.c 0x00000000   Number         0  stm32f10x_gpio.o ABSOLUTE
    ..\\Libraries\\STM32F10x_StdPeriph_Driver\\src\\stm32f10x_i2c.c 0x00000000   Number         0  stm32f10x_i2c.o ABSOLUTE
    ..\\Libraries\\STM32F10x_StdPeriph_Driver\\src\\stm32f10x_iwdg.c 0x00000000   Number         0  stm32f10x_iwdg.o ABSOLUTE
    ..\\Libraries\\STM32F10x_StdPeriph_Driver\\src\\stm32f10x_pwr.c 0x00000000   Number         0  stm32f10x_pwr.o ABSOLUTE
    ..\\Libraries\\STM32F10x_StdPeriph_Driver\\src\\stm32f10x_rcc.c 0x00000000   Number         0  stm32f10x_rcc.o ABSOLUTE
    ..\\Libraries\\STM32F10x_StdPeriph_Driver\\src\\stm32f10x_rtc.c 0x00000000   Number         0  stm32f10x_rtc.o ABSOLUTE
    ..\\Libraries\\STM32F10x_StdPeriph_Driver\\src\\stm32f10x_sdio.c 0x00000000   Number         0  stm32f10x_sdio.o ABSOLUTE
    ..\\Libraries\\STM32F10x_StdPeriph_Driver\\src\\stm32f10x_spi.c 0x00000000   Number         0  stm32f10x_spi.o ABSOLUTE
    ..\\Libraries\\STM32F10x_StdPeriph_Driver\\src\\stm32f10x_tim.c 0x00000000   Number         0  stm32f10x_tim.o ABSOLUTE
    ..\\Libraries\\STM32F10x_StdPeriph_Driver\\src\\stm32f10x_usart.c 0x00000000   Number         0  stm32f10x_usart.o ABSOLUTE
    ..\\Libraries\\STM32F10x_StdPeriph_Driver\\src\\stm32f10x_wwdg.c 0x00000000   Number         0  stm32f10x_wwdg.o ABSOLUTE
    ..\\Libraries\\STM32F10x_StdPeriph_Driver\\system_stm32f10x.c 0x00000000   Number         0  system_stm32f10x.o ABSOLUTE
    ..\\app\\main.c                          0x00000000   Number         0  main.o ABSOLUTE
    ..\\bsp\\ParTest\\ParTest.c              0x00000000   Number         0  partest.o ABSOLUTE
    ..\\bsp\\board.c                         0x00000000   Number         0  board.o ABSOLUTE
    ..\\bsp\\key.c                           0x00000000   Number         0  key.o ABSOLUTE
    ..\\bsp\\lcd.c                           0x00000000   Number         0  lcd.o ABSOLUTE
    ..\\bsp\\led.c                           0x00000000   Number         0  led.o ABSOLUTE
    ..\\bsp\\serial\\serial.c                0x00000000   Number         0  serial.o ABSOLUTE
    ..\\bsp\\spi_flash.c                     0x00000000   Number         0  spi_flash.o ABSOLUTE
    ..\\bsp\\stm32f10x_it.c                  0x00000000   Number         0  stm32f10x_it.o ABSOLUTE
    ..\\bsp\\timertest.c                     0x00000000   Number         0  timertest.o ABSOLUTE
    ..\app\AsciiLib.c                        0x00000000   Number         0  asciilib.o ABSOLUTE
    ..\app\main.c                            0x00000000   Number         0  main.o ABSOLUTE
    ..\bsp\ParTest\ParTest.c                 0x00000000   Number         0  partest.o ABSOLUTE
    ..\bsp\board.c                           0x00000000   Number         0  board.o ABSOLUTE
    ..\bsp\key.c                             0x00000000   Number         0  key.o ABSOLUTE
    ..\bsp\lcd.c                             0x00000000   Number         0  lcd.o ABSOLUTE
    ..\bsp\led.c                             0x00000000   Number         0  led.o ABSOLUTE
    ..\bsp\serial\serial.c                   0x00000000   Number         0  serial.o ABSOLUTE
    ..\bsp\spi_flash.c                       0x00000000   Number         0  spi_flash.o ABSOLUTE
    ..\bsp\stm32f10x_it.c                    0x00000000   Number         0  stm32f10x_it.o ABSOLUTE
    ..\bsp\timertest.c                       0x00000000   Number         0  timertest.o ABSOLUTE
    cdrcmple.s                               0x00000000   Number         0  cdrcmple.o ABSOLUTE
    dc.s                                     0x00000000   Number         0  dc.o ABSOLUTE
    handlers.s                               0x00000000   Number         0  handlers.o ABSOLUTE
    init.s                                   0x00000000   Number         0  init.o ABSOLUTE
    RESET                                    0x08000000   Section      304  startup_stm32f10x_hd.o(RESET)
    .ARM.Collect$$$$00000000                 0x08000130   Section        0  entry.o(.ARM.Collect$$$$00000000)
    .ARM.Collect$$$$00000001                 0x08000130   Section        4  entry2.o(.ARM.Collect$$$$00000001)
    .ARM.Collect$$$$00000004                 0x08000134   Section        4  entry5.o(.ARM.Collect$$$$00000004)
    .ARM.Collect$$$$00000008                 0x08000138   Section        0  entry7b.o(.ARM.Collect$$$$00000008)
    .ARM.Collect$$$$0000000A                 0x08000138   Section        0  entry8b.o(.ARM.Collect$$$$0000000A)
    .ARM.Collect$$$$0000000B                 0x08000138   Section        8  entry9a.o(.ARM.Collect$$$$0000000B)
    .ARM.Collect$$$$0000000D                 0x08000140   Section        0  entry10a.o(.ARM.Collect$$$$0000000D)
    .ARM.Collect$$$$0000000F                 0x08000140   Section        0  entry11a.o(.ARM.Collect$$$$0000000F)
    .ARM.Collect$$$$00002712                 0x08000140   Section        4  entry2.o(.ARM.Collect$$$$00002712)
    __lit__00000000                          0x08000140   Data           4  entry2.o(.ARM.Collect$$$$00002712)
    .emb_text                                0x08000144   Section      162  port.o(.emb_text)
    .rev16_text                              0x080001e8   Section        4  lcd.o(.rev16_text)
    .text                                    0x080001ec   Section        0  key.o(.text)
    IsKeyDownUser                            0x080001ed   Thumb Code    24  key.o(.text)
    IsKeyDownTamper                          0x08000205   Thumb Code    24  key.o(.text)
    IsKeyDownWakeUp                          0x0800021d   Thumb Code    20  key.o(.text)
    IsKeyDownUp                              0x08000231   Thumb Code    24  key.o(.text)
    IsKeyDownDown                            0x08000249   Thumb Code    22  key.o(.text)
    IsKeyDownLeft                            0x0800025f   Thumb Code    24  key.o(.text)
    IsKeyDownRight                           0x08000277   Thumb Code    24  key.o(.text)
    IsKeyDownOk                              0x0800028f   Thumb Code    22  key.o(.text)
    IsKeyDownUserTamper                      0x080002a5   Thumb Code    22  key.o(.text)
    bsp_InitButtonHard                       0x080002bb   Thumb Code    86  key.o(.text)
    bsp_InitButtonVar                        0x08000311   Thumb Code   450  key.o(.text)
    bsp_DetectButton                         0x08000571   Thumb Code   280  key.o(.text)
    NVIC_Configuration                       0x080006c3   Thumb Code    38  key.o(.text)
    GPIO_Configuration                       0x080006e9   Thumb Code    86  key.o(.text)
    .text                                    0x08000774   Section        0  led.o(.text)
    .text                                    0x0800083c   Section        0  spi_flash.o(.text)
    .text                                    0x08000c0c   Section        0  stm32f10x_it.o(.text)
    .text                                    0x08000c38   Section        0  serial.o(.text)
    .text                                    0x08000e20   Section        0  lcd.o(.text)
    LCD_GPIOConfig                           0x08000e2b   Thumb Code    96  lcd.o(.text)
    LCD_FSMCConfig                           0x08000e8b   Thumb Code    94  lcd.o(.text)
    StrLength                                0x0800130d   Thumb Code    20  lcd.o(.text)
    .text                                    0x08001868   Section        0  timertest.o(.text)
    .text                                    0x08001960   Section        0  main.o(.text)
    delay                                    0x08001961   Thumb Code    34  main.o(.text)
    vLEDTask                                 0x08001983   Thumb Code    48  main.o(.text)
    prvSetupHardware                         0x080019b3   Thumb Code    38  main.o(.text)
    prvConfigureLCD                          0x080019ff   Thumb Code    64  main.o(.text)
    vLCDTask                                 0x08001a3f   Thumb Code    42  main.o(.text)
    .text                                    0x08001b14   Section        0  list.o(.text)
    .text                                    0x08001ba8   Section        0  queue.o(.text)
    prvUnlockQueue                           0x08001c5f   Thumb Code   126  queue.o(.text)
    prvIsQueueFull                           0x08001cdd   Thumb Code    30  queue.o(.text)
    prvCopyDataToQueue                       0x08001cfb   Thumb Code   128  queue.o(.text)
    prvIsQueueEmpty                          0x08001f35   Thumb Code    26  queue.o(.text)
    prvCopyDataFromQueue                     0x08001f4f   Thumb Code    42  queue.o(.text)
    .text                                    0x080021c0   Section        0  tasks.o(.text)
    prvInitialiseTaskLists                   0x080021c1   Thumb Code    70  tasks.o(.text)
    prvInitialiseTCBVariables                0x08002207   Thumb Code    90  tasks.o(.text)
    prvAllocateTCBAndStack                   0x08002261   Thumb Code    46  tasks.o(.text)
    prvResetNextTaskUnblockTime              0x08002371   Thumb Code    42  tasks.o(.text)
    prvAddCurrentTaskToDelayedList           0x08002625   Thumb Code    62  tasks.o(.text)
    prvTaskIsTaskSuspended                   0x0800290b   Thumb Code    56  tasks.o(.text)
    prvDeleteTCB                             0x08002a45   Thumb Code    18  tasks.o(.text)
    prvCheckTasksWaitingTermination          0x08002a57   Thumb Code    86  tasks.o(.text)
    prvIdleTask                              0x08002aad   Thumb Code    20  tasks.o(.text)
    .text                                    0x08002f28   Section        0  timers.o(.text)
    prvInsertTimerInActiveList               0x08002f29   Thumb Code    80  timers.o(.text)
    prvSwitchTimerLists                      0x08002fdf   Thumb Code   122  timers.o(.text)
    prvSampleTimeNow                         0x08003059   Thumb Code    40  timers.o(.text)
    prvProcessReceivedCommands               0x08003081   Thumb Code   186  timers.o(.text)
    prvProcessExpiredTimer                   0x0800313b   Thumb Code    72  timers.o(.text)
    prvProcessTimerOrBlockTask               0x08003183   Thumb Code    70  timers.o(.text)
    prvGetNextExpireTime                     0x080031c9   Thumb Code    36  timers.o(.text)
    prvTimerTask                             0x080031ed   Thumb Code    26  timers.o(.text)
    prvCheckForValidListAndQueue             0x08003207   Thumb Code    56  timers.o(.text)
    .text                                    0x08003300   Section       36  startup_stm32f10x_hd.o(.text)
    .text                                    0x08003324   Section        0  misc.o(.text)
    .text                                    0x08003510   Section        0  stm32f10x_exti.o(.text)
    .text                                    0x080037f8   Section        0  stm32f10x_fsmc.o(.text)
    .text                                    0x080045b8   Section        0  stm32f10x_gpio.o(.text)
    .text                                    0x08005028   Section        0  stm32f10x_rcc.o(.text)
    .text                                    0x08005870   Section        0  stm32f10x_spi.o(.text)
    .text                                    0x080061fc   Section        0  stm32f10x_tim.o(.text)
    TI4_Config                               0x08006ca5   Thumb Code   130  stm32f10x_tim.o(.text)
    TI3_Config                               0x08006d8d   Thumb Code   122  stm32f10x_tim.o(.text)
    TI2_Config                               0x08006e87   Thumb Code   164  stm32f10x_tim.o(.text)
    TI1_Config                               0x08006fc7   Thumb Code   108  stm32f10x_tim.o(.text)
    .text                                    0x08009978   Section        0  stm32f10x_usart.o(.text)
    .text                                    0x0800a738   Section        0  system_stm32f10x.o(.text)
    SetSysClockTo72                          0x0800a739   Thumb Code   212  system_stm32f10x.o(.text)
    SetSysClock                              0x0800a80d   Thumb Code     8  system_stm32f10x.o(.text)
    .text                                    0x0800a914   Section      212  port.o(.text)
    prvTaskExitError                         0x0800a915   Thumb Code     8  port.o(.text)
    .text                                    0x0800a9e8   Section        0  heap_2.o(.text)
    prvHeapInit                              0x0800a9e9   Thumb Code    42  heap_2.o(.text)
    .text                                    0x0800ab0c   Section        0  memcpya.o(.text)
    .text                                    0x0800ab30   Section       36  init.o(.text)
    i.__0printf$0                            0x0800ab54   Section        0  printf0.o(i.__0printf$0)
    i.__scatterload_copy                     0x0800ab64   Section       14  handlers.o(i.__scatterload_copy)
    i.__scatterload_null                     0x0800ab72   Section        2  handlers.o(i.__scatterload_null)
    i.__scatterload_zeroinit                 0x0800ab74   Section       14  handlers.o(i.__scatterload_zeroinit)
    i._printf_core                           0x0800ab82   Section        0  printf0.o(i._printf_core)
    _printf_core                             0x0800ab83   Thumb Code    34  printf0.o(i._printf_core)
    .constdata                               0x0800aba4   Section     4560  lcd.o(.constdata)
    .constdata                               0x0800bd74   Section     9663  main.o(.constdata)
    .data                                    0x20000000   Section        8  serial.o(.data)
    xRxedChars                               0x20000000   Data           4  serial.o(.data)
    xCharsForTx                              0x20000004   Data           4  serial.o(.data)
    .data                                    0x20000008   Section        4  lcd.o(.data)
    TextColor                                0x20000008   Data           2  lcd.o(.data)
    BackColor                                0x2000000a   Data           2  lcd.o(.data)
    .data                                    0x2000000c   Section        8  timertest.o(.data)
    usLastCount                              0x2000000e   Data           2  timertest.o(.data)
    usSettleCount                            0x20000010   Data           2  timertest.o(.data)
    usMaxDifference                          0x20000012   Data           2  timertest.o(.data)
    .data                                    0x20000014   Section       12  main.o(.data)
    usColumn                                 0x20000014   Data           2  main.o(.data)
    usRefColumn                              0x20000016   Data           2  main.o(.data)
    ucLine                                   0x20000018   Data           1  main.o(.data)
    .data                                    0x20000020   Section       56  tasks.o(.data)
    uxTasksDeleted                           0x20000024   Data           4  tasks.o(.data)
    uxCurrentNumberOfTasks                   0x20000028   Data           4  tasks.o(.data)
    xTickCount                               0x2000002c   Data           4  tasks.o(.data)
    uxTopReadyPriority                       0x20000030   Data           4  tasks.o(.data)
    xSchedulerRunning                        0x20000034   Data           4  tasks.o(.data)
    uxPendedTicks                            0x20000038   Data           4  tasks.o(.data)
    xYieldPending                            0x2000003c   Data           4  tasks.o(.data)
    xNumOfOverflows                          0x20000040   Data           4  tasks.o(.data)
    uxTaskNumber                             0x20000044   Data           4  tasks.o(.data)
    xNextTaskUnblockTime                     0x20000048   Data           4  tasks.o(.data)
    uxSchedulerSuspended                     0x2000004c   Data           4  tasks.o(.data)
    pxDelayedTaskList                        0x20000050   Data           4  tasks.o(.data)
    pxOverflowDelayedTaskList                0x20000054   Data           4  tasks.o(.data)
    .data                                    0x20000058   Section       16  timers.o(.data)
    xTimerQueue                              0x20000058   Data           4  timers.o(.data)
    xLastTime                                0x2000005c   Data           4  timers.o(.data)
    pxCurrentTimerList                       0x20000060   Data           4  timers.o(.data)
    pxOverflowTimerList                      0x20000064   Data           4  timers.o(.data)
    .data                                    0x20000068   Section       20  stm32f10x_rcc.o(.data)
    APBAHBPrescTable                         0x20000068   Data          16  stm32f10x_rcc.o(.data)
    ADCPrescTable                            0x20000078   Data           4  stm32f10x_rcc.o(.data)
    .data                                    0x2000007c   Section       20  system_stm32f10x.o(.data)
    .data                                    0x20000090   Section        4  port.o(.data)
    uxCriticalNesting                        0x20000090   Data           0  port.o(.data)
    .data                                    0x20000094   Section       24  heap_2.o(.data)
    xFreeBytesRemaining                      0x20000094   Data           4  heap_2.o(.data)
    xHeapHasBeenInitialised                  0x20000098   Data           4  heap_2.o(.data)
    xStart                                   0x2000009c   Data           8  heap_2.o(.data)
    xEnd                                     0x200000a4   Data           8  heap_2.o(.data)
    .data                                    0x200000ac   Section        4  stdout.o(.data)
    .bss                                     0x200000b0   Section      166  key.o(.bss)
    s_BtnUser                                0x200000b0   Data          16  key.o(.bss)
    s_BtnTamper                              0x200000c0   Data          16  key.o(.bss)
    s_BtnWakeUp                              0x200000d0   Data          16  key.o(.bss)
    s_BtnUp                                  0x200000e0   Data          16  key.o(.bss)
    s_BtnDown                                0x200000f0   Data          16  key.o(.bss)
    s_BtnLeft                                0x20000100   Data          16  key.o(.bss)
    s_BtnRight                               0x20000110   Data          16  key.o(.bss)
    s_BtnOk                                  0x20000120   Data          16  key.o(.bss)
    s_BtnUserTamper                          0x20000130   Data          16  key.o(.bss)
    s_Key                                    0x20000140   Data          22  key.o(.bss)
    .bss                                     0x20000158   Section      200  tasks.o(.bss)
    pxReadyTasksLists                        0x20000158   Data         100  tasks.o(.bss)
    xDelayedTaskList1                        0x200001bc   Data          20  tasks.o(.bss)
    xDelayedTaskList2                        0x200001d0   Data          20  tasks.o(.bss)
    xPendingReadyList                        0x200001e4   Data          20  tasks.o(.bss)
    xTasksWaitingTermination                 0x200001f8   Data          20  tasks.o(.bss)
    xSuspendedTaskList                       0x2000020c   Data          20  tasks.o(.bss)
    .bss                                     0x20000220   Section       40  timers.o(.bss)
    xActiveTimerList1                        0x20000220   Data          20  timers.o(.bss)
    xActiveTimerList2                        0x20000234   Data          20  timers.o(.bss)
    .bss                                     0x20000248   Section    17408  heap_2.o(.bss)
    ucHeap                                   0x20000248   Data       17408  heap_2.o(.bss)
    STACK                                    0x20004648   Section      512  startup_stm32f10x_hd.o(STACK)

    Global Symbols

    Symbol Name                              Value     Ov Type        Size  Object(Section)

    BuildAttributes$$THM_ISAv4$P$D$K$B$S$PE$A:L22UL41UL21$X:L11$S22US41US21$IEEE1$IW$USESV6$~STKCKD$USESV7$~SHL$OSPACE$ROPI$EBA8$MICROLIB$REQ8$PRES8$EABIv2 0x00000000   Number         0  anon$$obj.o ABSOLUTE
    __ARM_use_no_argv                        0x00000000   Number         0  main.o ABSOLUTE
    _printf_a                                0x00000000   Number         0  stubs.o ABSOLUTE
    _printf_c                                0x00000000   Number         0  stubs.o ABSOLUTE
    _printf_charcount                        0x00000000   Number         0  stubs.o ABSOLUTE
    _printf_d                                0x00000000   Number         0  stubs.o ABSOLUTE
    _printf_e                                0x00000000   Number         0  stubs.o ABSOLUTE
    _printf_f                                0x00000000   Number         0  stubs.o ABSOLUTE
    _printf_flags                            0x00000000   Number         0  stubs.o ABSOLUTE
    _printf_fp_dec                           0x00000000   Number         0  stubs.o ABSOLUTE
    _printf_fp_hex                           0x00000000   Number         0  stubs.o ABSOLUTE
    _printf_g                                0x00000000   Number         0  stubs.o ABSOLUTE
    _printf_i                                0x00000000   Number         0  stubs.o ABSOLUTE
    _printf_int_dec                          0x00000000   Number         0  stubs.o ABSOLUTE
    _printf_l                                0x00000000   Number         0  stubs.o ABSOLUTE
    _printf_lc                               0x00000000   Number         0  stubs.o ABSOLUTE
    _printf_ll                               0x00000000   Number         0  stubs.o ABSOLUTE
    _printf_lld                              0x00000000   Number         0  stubs.o ABSOLUTE
    _printf_lli                              0x00000000   Number         0  stubs.o ABSOLUTE
    _printf_llo                              0x00000000   Number         0  stubs.o ABSOLUTE
    _printf_llu                              0x00000000   Number         0  stubs.o ABSOLUTE
    _printf_llx                              0x00000000   Number         0  stubs.o ABSOLUTE
    _printf_longlong_dec                     0x00000000   Number         0  stubs.o ABSOLUTE
    _printf_longlong_hex                     0x00000000   Number         0  stubs.o ABSOLUTE
    _printf_longlong_oct                     0x00000000   Number         0  stubs.o ABSOLUTE
    _printf_ls                               0x00000000   Number         0  stubs.o ABSOLUTE
    _printf_mbtowc                           0x00000000   Number         0  stubs.o ABSOLUTE
    _printf_n                                0x00000000   Number         0  stubs.o ABSOLUTE
    _printf_o                                0x00000000   Number         0  stubs.o ABSOLUTE
    _printf_p                                0x00000000   Number         0  stubs.o ABSOLUTE
    _printf_percent                          0x00000000   Number         0  stubs.o ABSOLUTE
    _printf_pre_padding                      0x00000000   Number         0  stubs.o ABSOLUTE
    _printf_return_value                     0x00000000   Number         0  stubs.o ABSOLUTE
    _printf_s                                0x00000000   Number         0  stubs.o ABSOLUTE
    _printf_sizespec                         0x00000000   Number         0  stubs.o ABSOLUTE
    _printf_str                              0x00000000   Number         0  stubs.o ABSOLUTE
    _printf_truncate_signed                  0x00000000   Number         0  stubs.o ABSOLUTE
    _printf_truncate_unsigned                0x00000000   Number         0  stubs.o ABSOLUTE
    _printf_u                                0x00000000   Number         0  stubs.o ABSOLUTE
    _printf_wc                               0x00000000   Number         0  stubs.o ABSOLUTE
    _printf_wctomb                           0x00000000   Number         0  stubs.o ABSOLUTE
    _printf_widthprec                        0x00000000   Number         0  stubs.o ABSOLUTE
    _printf_x                                0x00000000   Number         0  stubs.o ABSOLUTE
    __cpp_initialize__aeabi_                  - Undefined Weak Reference
    __cxa_finalize                            - Undefined Weak Reference
    __decompress                              - Undefined Weak Reference
    _clock_init                               - Undefined Weak Reference
    _microlib_exit                            - Undefined Weak Reference
    __Vectors_Size                           0x00000130   Number         0  startup_stm32f10x_hd.o ABSOLUTE
    __Vectors                                0x08000000   Data           4  startup_stm32f10x_hd.o(RESET)
    __Vectors_End                            0x08000130   Data           0  startup_stm32f10x_hd.o(RESET)
    __main                                   0x08000131   Thumb Code     0  entry.o(.ARM.Collect$$$$00000000)
    _main_stk                                0x08000131   Thumb Code     0  entry2.o(.ARM.Collect$$$$00000001)
    _main_scatterload                        0x08000135   Thumb Code     0  entry5.o(.ARM.Collect$$$$00000004)
    __main_after_scatterload                 0x08000139   Thumb Code     0  entry5.o(.ARM.Collect$$$$00000004)
    _main_clock                              0x08000139   Thumb Code     0  entry7b.o(.ARM.Collect$$$$00000008)
    _main_cpp_init                           0x08000139   Thumb Code     0  entry8b.o(.ARM.Collect$$$$0000000A)
    _main_init                               0x08000139   Thumb Code     0  entry9a.o(.ARM.Collect$$$$0000000B)
    __rt_final_cpp                           0x08000141   Thumb Code     0  entry10a.o(.ARM.Collect$$$$0000000D)
    __rt_final_exit                          0x08000141   Thumb Code     0  entry11a.o(.ARM.Collect$$$$0000000F)
    vPortSVCHandler                          0x08000145   Thumb Code    32  port.o(.emb_text)
    __asm___6_port_c_39a90d8d__prvStartFirstTask 0x08000169   Thumb Code    28  port.o(.emb_text)
    xPortPendSVHandler                       0x08000189   Thumb Code    64  port.o(.emb_text)
    ulPortSetInterruptMask                   0x080001cd   Thumb Code    14  port.o(.emb_text)
    vPortClearInterruptMask                  0x080001db   Thumb Code     6  port.o(.emb_text)
    vPortGetIPSR                             0x080001e1   Thumb Code     6  port.o(.emb_text)
    __asm___5_lcd_c_222e715b____REV16        0x080001e9   Thumb Code     4  lcd.o(.rev16_text)
    bsp_InitButton                           0x080004d3   Thumb Code    12  key.o(.text)
    bsp_PutKey                               0x080004df   Thumb Code    28  key.o(.text)
    bsp_GetKey                               0x080004fb   Thumb Code    46  key.o(.text)
    bsp_KeyState                             0x08000529   Thumb Code    72  key.o(.text)
    bsp_KeyPro                               0x08000689   Thumb Code    58  key.o(.text)
    rt_hw_key_EXTI_PC13_Config               0x0800073f   Thumb Code    12  key.o(.text)
    rt_hw_userkey_isr                        0x0800074b   Thumb Code     2  key.o(.text)
    prvConfigureLED                          0x08000775   Thumb Code    50  led.o(.text)
    hw_led_off                               0x080007a7   Thumb Code    72  led.o(.text)
    hw_led_on                                0x080007ef   Thumb Code    72  led.o(.text)
    SPI_FLASH_ChipSelect                     0x0800083d   Thumb Code    16  spi_flash.o(.text)
    SPI_FLASH_Init                           0x0800084d   Thumb Code   148  spi_flash.o(.text)
    SPI_FLASH_SendByte                       0x080008e1   Thumb Code    50  spi_flash.o(.text)
    SPI_FLASH_WaitForWriteEnd                0x08000913   Thumb Code    40  spi_flash.o(.text)
    SPI_FLASH_WriteEnable                    0x0800093b   Thumb Code    22  spi_flash.o(.text)
    SPI_FLASH_SectorErase                    0x08000951   Thumb Code    54  spi_flash.o(.text)
    SPI_FLASH_BulkErase                      0x08000987   Thumb Code    30  spi_flash.o(.text)
    SPI_FLASH_PageWrite                      0x080009a5   Thumb Code    78  spi_flash.o(.text)
    SPI_FLASH_BufferWrite                    0x080009f3   Thumb Code   290  spi_flash.o(.text)
    SPI_FLASH_BufferRead                     0x08000b15   Thumb Code    72  spi_flash.o(.text)
    SPI_FLASH_ReadID                         0x08000b5d   Thumb Code    70  spi_flash.o(.text)
    SPI_FLASH_StartReadSequence              0x08000ba3   Thumb Code    40  spi_flash.o(.text)
    SPI_FLASH_ReadByte                       0x08000bcb   Thumb Code    10  spi_flash.o(.text)
    SPI_FLASH_SendHalfWord                   0x08000bd5   Thumb Code    48  spi_flash.o(.text)
    NMI_Handler                              0x08000c0d   Thumb Code     2  stm32f10x_it.o(.text)
    MemManage_Handler                        0x08000c0f   Thumb Code     4  stm32f10x_it.o(.text)
    BusFault_Handler                         0x08000c13   Thumb Code     4  stm32f10x_it.o(.text)
    UsageFault_Handler                       0x08000c17   Thumb Code     4  stm32f10x_it.o(.text)
    SVC_Handler                              0x08000c1b   Thumb Code     2  stm32f10x_it.o(.text)
    DebugMon_Handler                         0x08000c1d   Thumb Code     2  stm32f10x_it.o(.text)
    EXTI15_10_IRQHandle                      0x08000c1f   Thumb Code    26  stm32f10x_it.o(.text)
    xSerialPortInitMinimal                   0x08000c39   Thumb Code   238  serial.o(.text)
    xSerialGetChar                           0x08000d27   Thumb Code    32  serial.o(.text)
    xSerialPutChar                           0x08000d47   Thumb Code    46  serial.o(.text)
    vSerialPutString                         0x08000d75   Thumb Code    38  serial.o(.text)
    vSerialClose                             0x08000d9b   Thumb Code     2  serial.o(.text)
    vUARTInterruptHandler                    0x08000d9d   Thumb Code   112  serial.o(.text)
    LCD_WriteReg                             0x08000e21   Thumb Code    10  lcd.o(.text)
    LCD_Init                                 0x08000ee9   Thumb Code   726  lcd.o(.text)
    LCD_SetTextColor                         0x080011bf   Thumb Code    12  lcd.o(.text)
    LCD_SetBackColor                         0x080011cb   Thumb Code    12  lcd.o(.text)
    LCD_SetCursor                            0x080011d7   Thumb Code    28  lcd.o(.text)
    LCD_WriteRAM                             0x080011f3   Thumb Code    16  lcd.o(.text)
    LCD_DrawChar                             0x08001203   Thumb Code   122  lcd.o(.text)
    LCD_DisplayChar                          0x0800127d   Thumb Code    34  lcd.o(.text)
    LCD_DisplayStringLine                    0x0800129f   Thumb Code    60  lcd.o(.text)
    LCD_ClearLine                            0x080012db   Thumb Code    14  lcd.o(.text)
    LCD_Clear                                0x080012e9   Thumb Code    36  lcd.o(.text)
    LCD_DisplayString                        0x08001321   Thumb Code   200  lcd.o(.text)
    LCD_ScrollText                           0x080013e9   Thumb Code   102  lcd.o(.text)
    LCD_SetDisplayWindow                     0x0800144f   Thumb Code    86  lcd.o(.text)
    LCD_DrawLine                             0x080014a5   Thumb Code    78  lcd.o(.text)
    LCD_DrawRect                             0x080014f3   Thumb Code    66  lcd.o(.text)
    LCD_DrawCircle                           0x08001535   Thumb Code   220  lcd.o(.text)
    LCD_DrawMonoPict                         0x08001611   Thumb Code   132  lcd.o(.text)
    LCD_DrawBMP                              0x08001695   Thumb Code   118  lcd.o(.text)
    LCD_ReadReg                              0x0800170b   Thumb Code    14  lcd.o(.text)
    LCD_ReadRAM                              0x08001719   Thumb Code    18  lcd.o(.text)
    LCD_PowerOn                              0x0800172b   Thumb Code    88  lcd.o(.text)
    LCD_DisplayOn                            0x08001783   Thumb Code    14  lcd.o(.text)
    LCD_DisplayOff                           0x08001791   Thumb Code    12  lcd.o(.text)
    LCD_CtrlLinesConfig                      0x0800179d   Thumb Code    46  lcd.o(.text)
    LCD_CtrlLinesWrite                       0x080017cb   Thumb Code    20  lcd.o(.text)
    LCD_SPIConfig                            0x080017df   Thumb Code   118  lcd.o(.text)
    vSetupTimerTest                          0x08001869   Thumb Code   156  timertest.o(.text)
    vTimer2IntHandler                        0x08001905   Thumb Code    72  timertest.o(.text)
    main                                     0x080019d9   Thumb Code    38  main.o(.text)
    fputc                                    0x08001a69   Thumb Code   136  main.o(.text)
    assert_failed                            0x08001af1   Thumb Code     4  main.o(.text)
    vListInitialise                          0x08001b15   Thumb Code    26  list.o(.text)
    vListInitialiseItem                      0x08001b2f   Thumb Code     6  list.o(.text)
    vListInsertEnd                           0x08001b35   Thumb Code    24  list.o(.text)
    vListInsert                              0x08001b4d   Thumb Code    52  list.o(.text)
    uxListRemove                             0x08001b81   Thumb Code    40  list.o(.text)
    xQueueGenericReset                       0x08001ba9   Thumb Code   110  queue.o(.text)
    xQueueGenericCreate                      0x08001c17   Thumb Code    72  queue.o(.text)
    xQueueGenericSend                        0x08001d7b   Thumb Code   230  queue.o(.text)
    xQueueCreateMutex                        0x08001e61   Thumb Code    72  queue.o(.text)
    xQueueCreateCountingSemaphore            0x08001ea9   Thumb Code    26  queue.o(.text)
    xQueueGenericSendFromISR                 0x08001ec3   Thumb Code   114  queue.o(.text)
    xQueueGenericReceive                     0x08001f79   Thumb Code   280  queue.o(.text)
    xQueueReceiveFromISR                     0x08002091   Thumb Code    96  queue.o(.text)
    xQueuePeekFromISR                        0x080020f1   Thumb Code    50  queue.o(.text)
    uxQueueMessagesWaiting                   0x08002123   Thumb Code    18  queue.o(.text)
    uxQueueSpacesAvailable                   0x08002135   Thumb Code    24  queue.o(.text)
    uxQueueMessagesWaitingFromISR            0x0800214d   Thumb Code     6  queue.o(.text)
    vQueueDelete                             0x08002153   Thumb Code    24  queue.o(.text)
    xQueueIsQueueEmptyFromISR                0x0800216b   Thumb Code    14  queue.o(.text)
    xQueueIsQueueFullFromISR                 0x08002179   Thumb Code    18  queue.o(.text)
    vQueueWaitForMessageRestricted           0x0800218b   Thumb Code    54  queue.o(.text)
    xTaskGenericCreate                       0x0800228f   Thumb Code   226  tasks.o(.text)
    vTaskDelete                              0x0800239b   Thumb Code   138  tasks.o(.text)
    xTaskIncrementTick                       0x08002425   Thumb Code   242  tasks.o(.text)
    xTaskResumeAll                           0x08002517   Thumb Code   270  tasks.o(.text)
    vTaskSuspendAll                          0x08002663   Thumb Code    12  tasks.o(.text)
    vTaskDelayUntil                          0x0800266f   Thumb Code   126  tasks.o(.text)
    vTaskDelay                               0x080026ed   Thumb Code    72  tasks.o(.text)
    uxTaskPriorityGet                        0x08002735   Thumb Code    30  tasks.o(.text)
    vTaskPrioritySet                         0x08002753   Thumb Code   214  tasks.o(.text)
    vTaskSwitchContext                       0x08002829   Thumb Code    76  tasks.o(.text)
    vTaskSuspend                             0x08002875   Thumb Code   150  tasks.o(.text)
    vTaskResume                              0x08002943   Thumb Code    94  tasks.o(.text)
    xTaskResumeFromISR                       0x080029a1   Thumb Code   164  tasks.o(.text)
    vTaskStartScheduler                      0x08002ac1   Thumb Code    62  tasks.o(.text)
    vTaskEndScheduler                        0x08002aff   Thumb Code    18  tasks.o(.text)
    xTaskGetTickCount                        0x08002b11   Thumb Code    18  tasks.o(.text)
    xTaskGetTickCountFromISR                 0x08002b23   Thumb Code    22  tasks.o(.text)
    uxTaskGetNumberOfTasks                   0x08002b39   Thumb Code     6  tasks.o(.text)
    vTaskPlaceOnEventList                    0x08002b3f   Thumb Code    84  tasks.o(.text)
    vTaskPlaceOnUnorderedEventList           0x08002b93   Thumb Code   100  tasks.o(.text)
    vTaskPlaceOnEventListRestricted          0x08002bf7   Thumb Code    66  tasks.o(.text)
    xTaskRemoveFromEventList                 0x08002c39   Thumb Code   104  tasks.o(.text)
    xTaskRemoveFromUnorderedEventList        0x08002ca1   Thumb Code    94  tasks.o(.text)
    vTaskSetTimeOutState                     0x08002cff   Thumb Code    14  tasks.o(.text)
    xTaskCheckForTimeOut                     0x08002d0d   Thumb Code    84  tasks.o(.text)
    vTaskMissedYield                         0x08002d61   Thumb Code     8  tasks.o(.text)
    xTaskGetCurrentTaskHandle                0x08002d69   Thumb Code     6  tasks.o(.text)
    xTaskGetSchedulerState                   0x08002d6f   Thumb Code    24  tasks.o(.text)
    vTaskPriorityInherit                     0x08002d87   Thumb Code   164  tasks.o(.text)
    xTaskPriorityDisinherit                  0x08002e2b   Thumb Code   192  tasks.o(.text)
    uxTaskResetEventItemValue                0x08002eeb   Thumb Code    24  tasks.o(.text)
    pvTaskIncrementMutexHeldCount            0x08002f03   Thumb Code    26  tasks.o(.text)
    xTimerGenericCommand                     0x08002f79   Thumb Code   102  timers.o(.text)
    xTimerCreateTimerTask                    0x0800323f   Thumb Code    46  timers.o(.text)
    xTimerCreate                             0x0800326d   Thumb Code    62  timers.o(.text)
    pcTimerGetTimerName                      0x080032ab   Thumb Code     8  timers.o(.text)
    xTimerIsTimerActive                      0x080032b3   Thumb Code    32  timers.o(.text)
    pvTimerGetTimerID                        0x080032d3   Thumb Code     8  timers.o(.text)
    Reset_Handler                            0x08003301   Thumb Code     8  startup_stm32f10x_hd.o(.text)
    HardFault_Handler                        0x0800330b   Thumb Code     2  startup_stm32f10x_hd.o(.text)
    PendSV_Handler                           0x08003317   Thumb Code     2  startup_stm32f10x_hd.o(.text)
    SysTick_Handler                          0x08003319   Thumb Code     2  startup_stm32f10x_hd.o(.text)
    ADC1_2_IRQHandler                        0x0800331b   Thumb Code     0  startup_stm32f10x_hd.o(.text)
    ADC3_IRQHandler                          0x0800331b   Thumb Code     0  startup_stm32f10x_hd.o(.text)
    CAN1_RX1_IRQHandler                      0x0800331b   Thumb Code     0  startup_stm32f10x_hd.o(.text)
    CAN1_SCE_IRQHandler                      0x0800331b   Thumb Code     0  startup_stm32f10x_hd.o(.text)
    DMA1_Channel1_IRQHandler                 0x0800331b   Thumb Code     0  startup_stm32f10x_hd.o(.text)
    DMA1_Channel2_IRQHandler                 0x0800331b   Thumb Code     0  startup_stm32f10x_hd.o(.text)
    DMA1_Channel3_IRQHandler                 0x0800331b   Thumb Code     0  startup_stm32f10x_hd.o(.text)
    DMA1_Channel4_IRQHandler                 0x0800331b   Thumb Code     0  startup_stm32f10x_hd.o(.text)
    DMA1_Channel5_IRQHandler                 0x0800331b   Thumb Code     0  startup_stm32f10x_hd.o(.text)
    DMA1_Channel6_IRQHandler                 0x0800331b   Thumb Code     0  startup_stm32f10x_hd.o(.text)
    DMA1_Channel7_IRQHandler                 0x0800331b   Thumb Code     0  startup_stm32f10x_hd.o(.text)
    DMA2_Channel1_IRQHandler                 0x0800331b   Thumb Code     0  startup_stm32f10x_hd.o(.text)
    DMA2_Channel2_IRQHandler                 0x0800331b   Thumb Code     0  startup_stm32f10x_hd.o(.text)
    DMA2_Channel3_IRQHandler                 0x0800331b   Thumb Code     0  startup_stm32f10x_hd.o(.text)
    DMA2_Channel4_5_IRQHandler               0x0800331b   Thumb Code     0  startup_stm32f10x_hd.o(.text)
    EXTI0_IRQHandler                         0x0800331b   Thumb Code     0  startup_stm32f10x_hd.o(.text)
    EXTI15_10_IRQHandler                     0x0800331b   Thumb Code     0  startup_stm32f10x_hd.o(.text)
    EXTI1_IRQHandler                         0x0800331b   Thumb Code     0  startup_stm32f10x_hd.o(.text)
    EXTI2_IRQHandler                         0x0800331b   Thumb Code     0  startup_stm32f10x_hd.o(.text)
    EXTI3_IRQHandler                         0x0800331b   Thumb Code     0  startup_stm32f10x_hd.o(.text)
    EXTI4_IRQHandler                         0x0800331b   Thumb Code     0  startup_stm32f10x_hd.o(.text)
    EXTI9_5_IRQHandler                       0x0800331b   Thumb Code     0  startup_stm32f10x_hd.o(.text)
    FLASH_IRQHandler                         0x0800331b   Thumb Code     0  startup_stm32f10x_hd.o(.text)
    FSMC_IRQHandler                          0x0800331b   Thumb Code     0  startup_stm32f10x_hd.o(.text)
    I2C1_ER_IRQHandler                       0x0800331b   Thumb Code     0  startup_stm32f10x_hd.o(.text)
    I2C1_EV_IRQHandler                       0x0800331b   Thumb Code     0  startup_stm32f10x_hd.o(.text)
    I2C2_ER_IRQHandler                       0x0800331b   Thumb Code     0  startup_stm32f10x_hd.o(.text)
    I2C2_EV_IRQHandler                       0x0800331b   Thumb Code     0  startup_stm32f10x_hd.o(.text)
    PVD_IRQHandler                           0x0800331b   Thumb Code     0  startup_stm32f10x_hd.o(.text)
    RCC_IRQHandler                           0x0800331b   Thumb Code     0  startup_stm32f10x_hd.o(.text)
    RTCAlarm_IRQHandler                      0x0800331b   Thumb Code     0  startup_stm32f10x_hd.o(.text)
    RTC_IRQHandler                           0x0800331b   Thumb Code     0  startup_stm32f10x_hd.o(.text)
    SDIO_IRQHandler                          0x0800331b   Thumb Code     0  startup_stm32f10x_hd.o(.text)
    SPI1_IRQHandler                          0x0800331b   Thumb Code     0  startup_stm32f10x_hd.o(.text)
    SPI2_IRQHandler                          0x0800331b   Thumb Code     0  startup_stm32f10x_hd.o(.text)
    SPI3_IRQHandler                          0x0800331b   Thumb Code     0  startup_stm32f10x_hd.o(.text)
    TAMPER_IRQHandler                        0x0800331b   Thumb Code     0  startup_stm32f10x_hd.o(.text)
    TIM1_BRK_IRQHandler                      0x0800331b   Thumb Code     0  startup_stm32f10x_hd.o(.text)
    TIM1_CC_IRQHandler                       0x0800331b   Thumb Code     0  startup_stm32f10x_hd.o(.text)
    TIM1_TRG_COM_IRQHandler                  0x0800331b   Thumb Code     0  startup_stm32f10x_hd.o(.text)
    TIM1_UP_IRQHandler                       0x0800331b   Thumb Code     0  startup_stm32f10x_hd.o(.text)
    TIM2_IRQHandler                          0x0800331b   Thumb Code     0  startup_stm32f10x_hd.o(.text)
    TIM3_IRQHandler                          0x0800331b   Thumb Code     0  startup_stm32f10x_hd.o(.text)
    TIM4_IRQHandler                          0x0800331b   Thumb Code     0  startup_stm32f10x_hd.o(.text)
    TIM5_IRQHandler                          0x0800331b   Thumb Code     0  startup_stm32f10x_hd.o(.text)
    TIM6_IRQHandler                          0x0800331b   Thumb Code     0  startup_stm32f10x_hd.o(.text)
    TIM7_IRQHandler                          0x0800331b   Thumb Code     0  startup_stm32f10x_hd.o(.text)
    TIM8_BRK_IRQHandler                      0x0800331b   Thumb Code     0  startup_stm32f10x_hd.o(.text)
    TIM8_CC_IRQHandler                       0x0800331b   Thumb Code     0  startup_stm32f10x_hd.o(.text)
    TIM8_TRG_COM_IRQHandler                  0x0800331b   Thumb Code     0  startup_stm32f10x_hd.o(.text)
    TIM8_UP_IRQHandler                       0x0800331b   Thumb Code     0  startup_stm32f10x_hd.o(.text)
    UART4_IRQHandler                         0x0800331b   Thumb Code     0  startup_stm32f10x_hd.o(.text)
    UART5_IRQHandler                         0x0800331b   Thumb Code     0  startup_stm32f10x_hd.o(.text)
    USART1_IRQHandler                        0x0800331b   Thumb Code     0  startup_stm32f10x_hd.o(.text)
    USART2_IRQHandler                        0x0800331b   Thumb Code     0  startup_stm32f10x_hd.o(.text)
    USART3_IRQHandler                        0x0800331b   Thumb Code     0  startup_stm32f10x_hd.o(.text)
    USBWakeUp_IRQHandler                     0x0800331b   Thumb Code     0  startup_stm32f10x_hd.o(.text)
    USB_HP_CAN1_TX_IRQHandler                0x0800331b   Thumb Code     0  startup_stm32f10x_hd.o(.text)
    USB_LP_CAN1_RX0_IRQHandler               0x0800331b   Thumb Code     0  startup_stm32f10x_hd.o(.text)
    WWDG_IRQHandler                          0x0800331b   Thumb Code     0  startup_stm32f10x_hd.o(.text)
    NVIC_PriorityGroupConfig                 0x08003325   Thumb Code    54  misc.o(.text)
    NVIC_Init                                0x0800335b   Thumb Code   160  misc.o(.text)
    NVIC_SetVectorTable                      0x080033fb   Thumb Code    60  misc.o(.text)
    NVIC_SystemLPConfig                      0x08003437   Thumb Code    78  misc.o(.text)
    SysTick_CLKSourceConfig                  0x08003485   Thumb Code    62  misc.o(.text)
    EXTI_DeInit                              0x08003511   Thumb Code    28  stm32f10x_exti.o(.text)
    EXTI_Init                                0x0800352d   Thumb Code   236  stm32f10x_exti.o(.text)
    EXTI_StructInit                          0x08003619   Thumb Code    16  stm32f10x_exti.o(.text)
    EXTI_GenerateSWInterrupt                 0x08003629   Thumb Code    38  stm32f10x_exti.o(.text)
    EXTI_GetFlagStatus                       0x0800364f   Thumb Code   140  stm32f10x_exti.o(.text)
    EXTI_ClearFlag                           0x080036db   Thumb Code    30  stm32f10x_exti.o(.text)
    EXTI_GetITStatus                         0x080036f9   Thumb Code   152  stm32f10x_exti.o(.text)
    EXTI_ClearITPendingBit                   0x08003791   Thumb Code    30  stm32f10x_exti.o(.text)
    FSMC_NORSRAMDeInit                       0x080037f9   Thumb Code    84  stm32f10x_fsmc.o(.text)
    FSMC_NANDDeInit                          0x0800384d   Thumb Code    86  stm32f10x_fsmc.o(.text)
    FSMC_PCCARDDeInit                        0x080038a3   Thumb Code    40  stm32f10x_fsmc.o(.text)
    FSMC_NORSRAMInit                         0x080038cb   Thumb Code   914  stm32f10x_fsmc.o(.text)
    FSMC_NANDInit                            0x08003c5d   Thumb Code   510  stm32f10x_fsmc.o(.text)
    FSMC_PCCARDInit                          0x08003e5b   Thumb Code   456  stm32f10x_fsmc.o(.text)
    FSMC_NORSRAMStructInit                   0x08004023   Thumb Code   114  stm32f10x_fsmc.o(.text)
    FSMC_NANDStructInit                      0x08004095   Thumb Code    54  stm32f10x_fsmc.o(.text)
    FSMC_PCCARDStructInit                    0x080040cb   Thumb Code    60  stm32f10x_fsmc.o(.text)
    FSMC_NORSRAMCmd                          0x08004107   Thumb Code   100  stm32f10x_fsmc.o(.text)
    FSMC_NANDCmd                             0x0800416b   Thumb Code   136  stm32f10x_fsmc.o(.text)
    FSMC_PCCARDCmd                           0x080041f3   Thumb Code    94  stm32f10x_fsmc.o(.text)
    FSMC_NANDECCCmd                          0x08004251   Thumb Code   134  stm32f10x_fsmc.o(.text)
    FSMC_GetECC                              0x080042d7   Thumb Code    22  stm32f10x_fsmc.o(.text)
    FSMC_ITConfig                            0x080042ed   Thumb Code   206  stm32f10x_fsmc.o(.text)
    FSMC_GetFlagStatus                       0x080043bb   Thumb Code   116  stm32f10x_fsmc.o(.text)
    FSMC_ClearFlag                           0x0800442f   Thumb Code   120  stm32f10x_fsmc.o(.text)
    FSMC_GetITStatus                         0x080044a7   Thumb Code   132  stm32f10x_fsmc.o(.text)
    FSMC_ClearITPendingBit                   0x0800452b   Thumb Code   122  stm32f10x_fsmc.o(.text)
    GPIO_DeInit                              0x080045b9   Thumb Code   224  stm32f10x_gpio.o(.text)
    GPIO_AFIODeInit                          0x08004699   Thumb Code    20  stm32f10x_gpio.o(.text)
    GPIO_Init                                0x080046ad   Thumb Code   378  stm32f10x_gpio.o(.text)
    GPIO_StructInit                          0x08004827   Thumb Code    16  stm32f10x_gpio.o(.text)
    GPIO_ReadInputDataBit                    0x08004837   Thumb Code   170  stm32f10x_gpio.o(.text)
    GPIO_ReadInputData                       0x080048e1   Thumb Code    64  stm32f10x_gpio.o(.text)
    GPIO_ReadOutputDataBit                   0x08004921   Thumb Code   264  stm32f10x_gpio.o(.text)
    GPIO_ReadOutputData                      0x08004a29   Thumb Code    66  stm32f10x_gpio.o(.text)
    GPIO_SetBits                             0x08004a6b   Thumb Code    86  stm32f10x_gpio.o(.text)
    GPIO_ResetBits                           0x08004ac1   Thumb Code    86  stm32f10x_gpio.o(.text)
    GPIO_WriteBit                            0x08004b17   Thumb Code   188  stm32f10x_gpio.o(.text)
    GPIO_Write                               0x08004bd3   Thumb Code    66  stm32f10x_gpio.o(.text)
    GPIO_PinLockConfig                       0x08004c15   Thumb Code   100  stm32f10x_gpio.o(.text)
    GPIO_EventOutputConfig                   0x08004c79   Thumb Code   138  stm32f10x_gpio.o(.text)
    GPIO_EventOutputCmd                      0x08004d03   Thumb Code    30  stm32f10x_gpio.o(.text)
    GPIO_PinRemapConfig                      0x08004d21   Thumb Code   538  stm32f10x_gpio.o(.text)
    GPIO_EXTILineConfig                      0x08004f3b   Thumb Code   186  stm32f10x_gpio.o(.text)
    GPIO_ETH_MediaInterfaceConfig            0x08004ff5   Thumb Code    30  stm32f10x_gpio.o(.text)
    RCC_DeInit                               0x08005029   Thumb Code    64  stm32f10x_rcc.o(.text)
    RCC_HSEConfig                            0x08005069   Thumb Code   100  stm32f10x_rcc.o(.text)
    RCC_GetFlagStatus                        0x080050cd   Thumb Code   118  stm32f10x_rcc.o(.text)
    RCC_WaitForHSEStartUp                    0x08005143   Thumb Code    56  stm32f10x_rcc.o(.text)
    RCC_AdjustHSICalibrationValue            0x0800517b   Thumb Code    38  stm32f10x_rcc.o(.text)
    RCC_HSICmd                               0x080051a1   Thumb Code    28  stm32f10x_rcc.o(.text)
    RCC_PLLConfig                            0x080051bd   Thumb Code   152  stm32f10x_rcc.o(.text)
    RCC_PLLCmd                               0x08005255   Thumb Code    28  stm32f10x_rcc.o(.text)
    RCC_SYSCLKConfig                         0x08005271   Thumb Code    42  stm32f10x_rcc.o(.text)
    RCC_GetSYSCLKSource                      0x0800529b   Thumb Code    10  stm32f10x_rcc.o(.text)
    RCC_HCLKConfig                           0x080052a5   Thumb Code    66  stm32f10x_rcc.o(.text)
    RCC_PCLK1Config                          0x080052e7   Thumb Code    58  stm32f10x_rcc.o(.text)
    RCC_PCLK2Config                          0x08005321   Thumb Code    60  stm32f10x_rcc.o(.text)
    RCC_ITConfig                             0x0800535d   Thumb Code    70  stm32f10x_rcc.o(.text)
    RCC_USBCLKConfig                         0x080053a3   Thumb Code    28  stm32f10x_rcc.o(.text)
    RCC_ADCCLKConfig                         0x080053bf   Thumb Code    52  stm32f10x_rcc.o(.text)
    RCC_LSEConfig                            0x080053f3   Thumb Code   156  stm32f10x_rcc.o(.text)
    RCC_LSICmd                               0x0800548f   Thumb Code    30  stm32f10x_rcc.o(.text)
    RCC_RTCCLKConfig                         0x080054ad   Thumb Code    52  stm32f10x_rcc.o(.text)
    RCC_RTCCLKCmd                            0x080054e1   Thumb Code    32  stm32f10x_rcc.o(.text)
    RCC_GetClocksFreq                        0x08005501   Thumb Code   208  stm32f10x_rcc.o(.text)
    RCC_AHBPeriphClockCmd                    0x080055d1   Thumb Code    86  stm32f10x_rcc.o(.text)
    RCC_APB2PeriphClockCmd                   0x08005627   Thumb Code    82  stm32f10x_rcc.o(.text)
    RCC_APB1PeriphClockCmd                   0x08005679   Thumb Code    82  stm32f10x_rcc.o(.text)
    RCC_APB2PeriphResetCmd                   0x080056cb   Thumb Code    82  stm32f10x_rcc.o(.text)
    RCC_APB1PeriphResetCmd                   0x0800571d   Thumb Code    82  stm32f10x_rcc.o(.text)
    RCC_BackupResetCmd                       0x0800576f   Thumb Code    32  stm32f10x_rcc.o(.text)
    RCC_ClockSecuritySystemCmd               0x0800578f   Thumb Code    30  stm32f10x_rcc.o(.text)
    RCC_MCOConfig                            0x080057ad   Thumb Code    44  stm32f10x_rcc.o(.text)
    RCC_ClearFlag                            0x080057d9   Thumb Code    18  stm32f10x_rcc.o(.text)
    RCC_GetITStatus                          0x080057eb   Thumb Code    64  stm32f10x_rcc.o(.text)
    RCC_ClearITPendingBit                    0x0800582b   Thumb Code    34  stm32f10x_rcc.o(.text)
    SPI_I2S_DeInit                           0x08005871   Thumb Code   104  stm32f10x_spi.o(.text)
    SPI_Init                                 0x080058d9   Thumb Code   328  stm32f10x_spi.o(.text)
    I2S_Init                                 0x08005a21   Thumb Code   434  stm32f10x_spi.o(.text)
    SPI_StructInit                           0x08005bd3   Thumb Code    24  stm32f10x_spi.o(.text)
    I2S_StructInit                           0x08005beb   Thumb Code    20  stm32f10x_spi.o(.text)
    SPI_Cmd                                  0x08005bff   Thumb Code    78  stm32f10x_spi.o(.text)
    I2S_Cmd                                  0x08005c4d   Thumb Code   152  stm32f10x_spi.o(.text)
    SPI_I2S_ITConfig                         0x08005ce5   Thumb Code   126  stm32f10x_spi.o(.text)
    SPI_I2S_DMACmd                           0x08005d63   Thumb Code   102  stm32f10x_spi.o(.text)
    SPI_I2S_SendData                         0x08005dc9   Thumb Code    42  stm32f10x_spi.o(.text)
    SPI_I2S_ReceiveData                      0x08005df3   Thumb Code    40  stm32f10x_spi.o(.text)
    SPI_NSSInternalSoftwareConfig            0x08005e1b   Thumb Code    96  stm32f10x_spi.o(.text)
    SPI_SSOutputCmd                          0x08005e7b   Thumb Code    82  stm32f10x_spi.o(.text)
    SPI_DataSizeConfig                       0x08005ecd   Thumb Code    78  stm32f10x_spi.o(.text)
    SPI_TransmitCRC                          0x08005f1b   Thumb Code    46  stm32f10x_spi.o(.text)
    SPI_CalculateCRC                         0x08005f49   Thumb Code    82  stm32f10x_spi.o(.text)
    SPI_GetCRC                               0x08005f9b   Thumb Code    74  stm32f10x_spi.o(.text)
    SPI_GetCRCPolynomial                     0x08005fe5   Thumb Code    40  stm32f10x_spi.o(.text)
    SPI_BiDirectionalLineConfig              0x0800600d   Thumb Code    94  stm32f10x_spi.o(.text)
    SPI_I2S_GetFlagStatus                    0x0800606b   Thumb Code   114  stm32f10x_spi.o(.text)
    SPI_I2S_ClearFlag                        0x080060dd   Thumb Code    62  stm32f10x_spi.o(.text)
    SPI_I2S_GetITStatus                      0x0800611b   Thumb Code   138  stm32f10x_spi.o(.text)
    SPI_I2S_ClearITPendingBit                0x080061a5   Thumb Code    74  stm32f10x_spi.o(.text)
    TIM_DeInit                               0x080061fd   Thumb Code   536  stm32f10x_tim.o(.text)
    TIM_TimeBaseInit                         0x08006415   Thumb Code   308  stm32f10x_tim.o(.text)
    TIM_OC1Init                              0x08006549   Thumb Code   576  stm32f10x_tim.o(.text)
    TIM_OC2Init                              0x08006789   Thumb Code   438  stm32f10x_tim.o(.text)
    TIM_OC3Init                              0x0800693f   Thumb Code   458  stm32f10x_tim.o(.text)
    TIM_OC4Init                              0x08006b09   Thumb Code   302  stm32f10x_tim.o(.text)
    TIM_SetIC4Prescaler                      0x08006c37   Thumb Code   110  stm32f10x_tim.o(.text)
    TIM_SetIC3Prescaler                      0x08006d27   Thumb Code   102  stm32f10x_tim.o(.text)
    TIM_SetIC2Prescaler                      0x08006e07   Thumb Code   128  stm32f10x_tim.o(.text)
    TIM_SetIC1Prescaler                      0x08006f2b   Thumb Code   156  stm32f10x_tim.o(.text)
    TIM_ICInit                               0x08007033   Thumb Code   600  stm32f10x_tim.o(.text)
    TIM_PWMIConfig                           0x0800728b   Thumb Code   250  stm32f10x_tim.o(.text)
    TIM_BDTRConfig                           0x08007385   Thumb Code   254  stm32f10x_tim.o(.text)
    TIM_TimeBaseStructInit                   0x08007483   Thumb Code    18  stm32f10x_tim.o(.text)
    TIM_OCStructInit                         0x08007495   Thumb Code    20  stm32f10x_tim.o(.text)
    TIM_ICStructInit                         0x080074a9   Thumb Code    18  stm32f10x_tim.o(.text)
    TIM_BDTRStructInit                       0x080074bb   Thumb Code    18  stm32f10x_tim.o(.text)
    TIM_Cmd                                  0x080074cd   Thumb Code   166  stm32f10x_tim.o(.text)
    TIM_CtrlPWMOutputs                       0x08007573   Thumb Code   100  stm32f10x_tim.o(.text)
    TIM_ITConfig                             0x080075d7   Thumb Code   178  stm32f10x_tim.o(.text)
    TIM_GenerateEvent                        0x08007689   Thumb Code   144  stm32f10x_tim.o(.text)
    TIM_DMAConfig                            0x08007719   Thumb Code   358  stm32f10x_tim.o(.text)
    TIM_DMACmd                               0x0800787f   Thumb Code   144  stm32f10x_tim.o(.text)
    TIM_InternalClockConfig                  0x0800790f   Thumb Code    82  stm32f10x_tim.o(.text)
    TIM_SelectInputTrigger                   0x08007961   Thumb Code   130  stm32f10x_tim.o(.text)
    TIM_ITRxExternalClockConfig              0x080079e3   Thumb Code   116  stm32f10x_tim.o(.text)
    TIM_TIxExternalClockConfig               0x08007a57   Thumb Code   186  stm32f10x_tim.o(.text)
    TIM_ETRConfig                            0x08007b11   Thumb Code   164  stm32f10x_tim.o(.text)
    TIM_ETRClockMode1Config                  0x08007bb5   Thumb Code   224  stm32f10x_tim.o(.text)
    TIM_ETRClockMode2Config                  0x08007c95   Thumb Code   152  stm32f10x_tim.o(.text)
    TIM_PrescalerConfig                      0x08007d2d   Thumb Code   146  stm32f10x_tim.o(.text)
    TIM_CounterModeConfig                    0x08007dbf   Thumb Code   100  stm32f10x_tim.o(.text)
    TIM_EncoderInterfaceConfig               0x08007e23   Thumb Code   212  stm32f10x_tim.o(.text)
    TIM_ForcedOC1Config                      0x08007ef7   Thumb Code   144  stm32f10x_tim.o(.text)
    TIM_ForcedOC2Config                      0x08007f87   Thumb Code   116  stm32f10x_tim.o(.text)
    TIM_ForcedOC3Config                      0x08007ffb   Thumb Code   160  stm32f10x_tim.o(.text)
    TIM_ForcedOC4Config                      0x0800809b   Thumb Code    98  stm32f10x_tim.o(.text)
    TIM_ARRPreloadConfig                     0x080080fd   Thumb Code   162  stm32f10x_tim.o(.text)
    TIM_SelectCOM                            0x0800819f   Thumb Code    90  stm32f10x_tim.o(.text)
    TIM_SelectCCDMA                          0x080081f9   Thumb Code   114  stm32f10x_tim.o(.text)
    TIM_CCPreloadControl                     0x0800826b   Thumb Code   102  stm32f10x_tim.o(.text)
    TIM_OC1PreloadConfig                     0x080082d1   Thumb Code   142  stm32f10x_tim.o(.text)
    TIM_OC2PreloadConfig                     0x0800835f   Thumb Code   114  stm32f10x_tim.o(.text)
    TIM_OC3PreloadConfig                     0x080083d1   Thumb Code    88  stm32f10x_tim.o(.text)
    TIM_OC4PreloadConfig                     0x08008429   Thumb Code   166  stm32f10x_tim.o(.text)
    TIM_OC1FastConfig                        0x080084cf   Thumb Code   142  stm32f10x_tim.o(.text)
    TIM_OC2FastConfig                        0x0800855d   Thumb Code   114  stm32f10x_tim.o(.text)
    TIM_OC3FastConfig                        0x080085cf   Thumb Code    88  stm32f10x_tim.o(.text)
    TIM_OC4FastConfig                        0x08008627   Thumb Code    96  stm32f10x_tim.o(.text)
    TIM_ClearOC1Ref                          0x08008687   Thumb Code    88  stm32f10x_tim.o(.text)
    TIM_ClearOC2Ref                          0x080086df   Thumb Code    94  stm32f10x_tim.o(.text)
    TIM_ClearOC3Ref                          0x0800873d   Thumb Code    88  stm32f10x_tim.o(.text)
    TIM_ClearOC4Ref                          0x08008795   Thumb Code    94  stm32f10x_tim.o(.text)
    TIM_OC1PolarityConfig                    0x080087f3   Thumb Code   202  stm32f10x_tim.o(.text)
    TIM_OC1NPolarityConfig                   0x080088bd   Thumb Code    82  stm32f10x_tim.o(.text)
    TIM_OC2PolarityConfig                    0x0800890f   Thumb Code   114  stm32f10x_tim.o(.text)
    TIM_OC2NPolarityConfig                   0x08008981   Thumb Code    72  stm32f10x_tim.o(.text)
    TIM_OC3PolarityConfig                    0x080089c9   Thumb Code    96  stm32f10x_tim.o(.text)
    TIM_OC3NPolarityConfig                   0x08008a29   Thumb Code    72  stm32f10x_tim.o(.text)
    TIM_OC4PolarityConfig                    0x08008a71   Thumb Code    96  stm32f10x_tim.o(.text)
    TIM_CCxCmd                               0x08008ad1   Thumb Code   186  stm32f10x_tim.o(.text)
    TIM_CCxNCmd                              0x08008b8b   Thumb Code   122  stm32f10x_tim.o(.text)
    TIM_SelectOCxM                           0x08008c05   Thumb Code   326  stm32f10x_tim.o(.text)
    TIM_UpdateDisableConfig                  0x08008d4b   Thumb Code   162  stm32f10x_tim.o(.text)
    TIM_UpdateRequestConfig                  0x08008ded   Thumb Code   162  stm32f10x_tim.o(.text)
    TIM_SelectHallSensor                     0x08008e8f   Thumb Code   114  stm32f10x_tim.o(.text)
    TIM_SelectOnePulseMode                   0x08008f01   Thumb Code   156  stm32f10x_tim.o(.text)
    TIM_SelectOutputTrigger                  0x08008f9d   Thumb Code   144  stm32f10x_tim.o(.text)
    TIM_SelectSlaveMode                      0x0800902d   Thumb Code   118  stm32f10x_tim.o(.text)
    TIM_SelectMasterSlaveMode                0x080090a3   Thumb Code   176  stm32f10x_tim.o(.text)
    TIM_SetCounter                           0x08009153   Thumb Code   124  stm32f10x_tim.o(.text)
    TIM_SetAutoreload                        0x080091cf   Thumb Code   124  stm32f10x_tim.o(.text)
    TIM_SetCompare1                          0x0800924b   Thumb Code   112  stm32f10x_tim.o(.text)
    TIM_SetCompare2                          0x080092bb   Thumb Code    76  stm32f10x_tim.o(.text)
    TIM_SetCompare3                          0x08009307   Thumb Code    58  stm32f10x_tim.o(.text)
    TIM_SetCompare4                          0x08009341   Thumb Code    60  stm32f10x_tim.o(.text)
    TIM_SetClockDivision                     0x0800937d   Thumb Code   152  stm32f10x_tim.o(.text)
    TIM_GetCapture1                          0x08009415   Thumb Code   110  stm32f10x_tim.o(.text)
    TIM_GetCapture2                          0x08009483   Thumb Code    74  stm32f10x_tim.o(.text)
    TIM_GetCapture3                          0x080094cd   Thumb Code   124  stm32f10x_tim.o(.text)
    TIM_GetCapture4                          0x08009549   Thumb Code    58  stm32f10x_tim.o(.text)
    TIM_GetCounter                           0x08009583   Thumb Code   122  stm32f10x_tim.o(.text)
    TIM_GetPrescaler                         0x080095fd   Thumb Code   122  stm32f10x_tim.o(.text)
    TIM_GetFlagStatus                        0x08009677   Thumb Code   206  stm32f10x_tim.o(.text)
    TIM_ClearFlag                            0x08009745   Thumb Code   146  stm32f10x_tim.o(.text)
    TIM_GetITStatus                          0x080097d7   Thumb Code   204  stm32f10x_tim.o(.text)
    TIM_ClearITPendingBit                    0x080098a3   Thumb Code   214  stm32f10x_tim.o(.text)
    USART_DeInit                             0x08009979   Thumb Code   174  stm32f10x_usart.o(.text)
    USART_Init                               0x08009a27   Thumb Code   450  stm32f10x_usart.o(.text)
    USART_StructInit                         0x08009be9   Thumb Code    24  stm32f10x_usart.o(.text)
    USART_ClockInit                          0x08009c01   Thumb Code   162  stm32f10x_usart.o(.text)
    USART_ClockStructInit                    0x08009ca3   Thumb Code    12  stm32f10x_usart.o(.text)
    USART_Cmd                                0x08009caf   Thumb Code    90  stm32f10x_usart.o(.text)
    USART_ITConfig                           0x08009d09   Thumb Code   342  stm32f10x_usart.o(.text)
    USART_DMACmd                             0x08009e5f   Thumb Code   114  stm32f10x_usart.o(.text)
    USART_SetAddress                         0x08009ed1   Thumb Code    86  stm32f10x_usart.o(.text)
    USART_WakeUpConfig                       0x08009f27   Thumb Code    90  stm32f10x_usart.o(.text)
    USART_ReceiverWakeUpCmd                  0x08009f81   Thumb Code    94  stm32f10x_usart.o(.text)
    USART_LINBreakDetectLengthConfig         0x08009fdf   Thumb Code    88  stm32f10x_usart.o(.text)
    USART_LINCmd                             0x0800a037   Thumb Code    94  stm32f10x_usart.o(.text)
    USART_SendData                           0x0800a095   Thumb Code    78  stm32f10x_usart.o(.text)
    USART_ReceiveData                        0x0800a0e3   Thumb Code    56  stm32f10x_usart.o(.text)
    USART_SendBreak                          0x0800a11b   Thumb Code    58  stm32f10x_usart.o(.text)
    USART_SetGuardTime                       0x0800a155   Thumb Code    54  stm32f10x_usart.o(.text)
    USART_SetPrescaler                       0x0800a18b   Thumb Code    66  stm32f10x_usart.o(.text)
    USART_SmartCardCmd                       0x0800a1cd   Thumb Code   104  stm32f10x_usart.o(.text)
    USART_SmartCardNACKCmd                   0x0800a235   Thumb Code    82  stm32f10x_usart.o(.text)
    USART_HalfDuplexCmd                      0x0800a287   Thumb Code    94  stm32f10x_usart.o(.text)
    USART_OverSampling8Cmd                   0x0800a2e5   Thumb Code    92  stm32f10x_usart.o(.text)
    USART_OneBitMethodCmd                    0x0800a341   Thumb Code    94  stm32f10x_usart.o(.text)
    USART_IrDAConfig                         0x0800a39f   Thumb Code    88  stm32f10x_usart.o(.text)
    USART_IrDACmd                            0x0800a3f7   Thumb Code    94  stm32f10x_usart.o(.text)
    USART_GetFlagStatus                      0x0800a455   Thumb Code   164  stm32f10x_usart.o(.text)
    USART_ClearFlag                          0x0800a4f9   Thumb Code   122  stm32f10x_usart.o(.text)
    USART_GetITStatus                        0x0800a573   Thumb Code   276  stm32f10x_usart.o(.text)
    USART_ClearITPendingBit                  0x0800a687   Thumb Code   156  stm32f10x_usart.o(.text)
    SystemInit                               0x0800a815   Thumb Code    78  system_stm32f10x.o(.text)
    SystemCoreClockUpdate                    0x0800a863   Thumb Code   142  system_stm32f10x.o(.text)
    pxPortInitialiseStack                    0x0800a91d   Thumb Code    26  port.o(.text)
    vPortSetupTimerInterrupt                 0x0800a937   Thumb Code    14  port.o(.text)
    xPortStartScheduler                      0x0800a945   Thumb Code    42  port.o(.text)
    vPortEndScheduler                        0x0800a96f   Thumb Code     2  port.o(.text)
    vPortYield                               0x0800a971   Thumb Code    20  port.o(.text)
    vPortEnterCritical                       0x0800a985   Thumb Code    26  port.o(.text)
    vPortExitCritical                        0x0800a99f   Thumb Code    26  port.o(.text)
    xPortSysTickHandler                      0x0800a9b9   Thumb Code    30  port.o(.text)
    pvPortMalloc                             0x0800aa13   Thumb Code   166  heap_2.o(.text)
    vPortFree                                0x0800aab9   Thumb Code    56  heap_2.o(.text)
    xPortGetFreeHeapSize                     0x0800aaf1   Thumb Code     6  heap_2.o(.text)
    vPortInitialiseBlocks                    0x0800aaf7   Thumb Code     2  heap_2.o(.text)
    __aeabi_memcpy                           0x0800ab0d   Thumb Code    36  memcpya.o(.text)
    __aeabi_memcpy4                          0x0800ab0d   Thumb Code     0  memcpya.o(.text)
    __aeabi_memcpy8                          0x0800ab0d   Thumb Code     0  memcpya.o(.text)
    __scatterload                            0x0800ab31   Thumb Code    28  init.o(.text)
    __scatterload_rt2                        0x0800ab31   Thumb Code     0  init.o(.text)
    __0printf$0                              0x0800ab55   Thumb Code     8  printf0.o(i.__0printf$0)
    __1printf$0                              0x0800ab55   Thumb Code     0  printf0.o(i.__0printf$0)
    __2printf                                0x0800ab55   Thumb Code     0  printf0.o(i.__0printf$0)
    __scatterload_copy                       0x0800ab65   Thumb Code    14  handlers.o(i.__scatterload_copy)
    __scatterload_null                       0x0800ab73   Thumb Code     2  handlers.o(i.__scatterload_null)
    __scatterload_zeroinit                   0x0800ab75   Thumb Code    14  handlers.o(i.__scatterload_zeroinit)
    ASCII_Table                              0x0800aba4   Data        4560  lcd.o(.constdata)
    pcBitmap                                 0x0800bd74   Data        9663  main.o(.constdata)
    Region$$Table$$Base                      0x0800e334   Number         0  anon$$obj.o(Region$$Table)
    Region$$Table$$Limit                     0x0800e354   Number         0  anon$$obj.o(Region$$Table)
    usMaxJitter                              0x2000000c   Data           2  timertest.o(.data)
    xLCDQueue                                0x2000001c   Data           4  main.o(.data)
    pxCurrentTCB                             0x20000020   Data           4  tasks.o(.data)
    SystemCoreClock                          0x2000007c   Data           4  system_stm32f10x.o(.data)
    AHBPrescTable                            0x20000080   Data          16  system_stm32f10x.o(.data)
    __stdout                                 0x200000ac   Data           4  stdout.o(.data)
    __initial_sp                             0x20004848   Data           0  startup_stm32f10x_hd.o(STACK)



==============================================================================

Memory Map of the image

  Image Entry point : 0x08000131

  Load Region LR_IROM1 (Base: 0x08000000, Size: 0x0000e404, Max: 0x00080000, ABSOLUTE)

    Execution Region ER_IROM1 (Base: 0x08000000, Size: 0x0000e354, Max: 0x00080000, ABSOLUTE)

    Base Addr    Size         Type   Attr      Idx    E Section Name        Object

    0x08000000   0x00000130   Data   RO          882    RESET               startup_stm32f10x_hd.o
    0x08000130   0x00000000   Code   RO         1532  * .ARM.Collect$$$$00000000  mc_w.l(entry.o)
    0x08000130   0x00000004   Code   RO         1810    .ARM.Collect$$$$00000001  mc_w.l(entry2.o)
    0x08000134   0x00000004   Code   RO         1813    .ARM.Collect$$$$00000004  mc_w.l(entry5.o)
    0x08000138   0x00000000   Code   RO         1815    .ARM.Collect$$$$00000008  mc_w.l(entry7b.o)
    0x08000138   0x00000000   Code   RO         1817    .ARM.Collect$$$$0000000A  mc_w.l(entry8b.o)
    0x08000138   0x00000008   Code   RO         1818    .ARM.Collect$$$$0000000B  mc_w.l(entry9a.o)
    0x08000140   0x00000000   Code   RO         1820    .ARM.Collect$$$$0000000D  mc_w.l(entry10a.o)
    0x08000140   0x00000000   Code   RO         1822    .ARM.Collect$$$$0000000F  mc_w.l(entry11a.o)
    0x08000140   0x00000004   Code   RO         1811    .ARM.Collect$$$$00002712  mc_w.l(entry2.o)
    0x08000144   0x000000a2   Code   RO         1496    .emb_text           port.o
    0x080001e6   0x00000002   PAD
    0x080001e8   0x00000004   Code   RO          276    .rev16_text         lcd.o
    0x080001ec   0x00000588   Code   RO            3    .text               key.o
    0x08000774   0x000000c8   Code   RO          127    .text               led.o
    0x0800083c   0x000003d0   Code   RO          150    .text               spi_flash.o
    0x08000c0c   0x0000002c   Code   RO          173    .text               stm32f10x_it.o
    0x08000c38   0x000001e8   Code   RO          226    .text               serial.o
    0x08000e20   0x00000a48   Code   RO          278    .text               lcd.o
    0x08001868   0x000000f8   Code   RO          311    .text               timertest.o
    0x08001960   0x000001b4   Code   RO          334    .text               main.o
    0x08001b14   0x00000094   Code   RO          779    .text               list.o
    0x08001ba8   0x00000618   Code   RO          799    .text               queue.o
    0x080021c0   0x00000d68   Code   RO          822    .text               tasks.o
    0x08002f28   0x000003d8   Code   RO          849    .text               timers.o
    0x08003300   0x00000024   Code   RO          883    .text               startup_stm32f10x_hd.o
    0x08003324   0x000001ec   Code   RO          889    .text               misc.o
    0x08003510   0x000002e8   Code   RO         1156    .text               stm32f10x_exti.o
    0x080037f8   0x00000dc0   Code   RO         1202    .text               stm32f10x_fsmc.o
    0x080045b8   0x00000a70   Code   RO         1225    .text               stm32f10x_gpio.o
    0x08005028   0x00000848   Code   RO         1311    .text               stm32f10x_rcc.o
    0x08005870   0x0000098c   Code   RO         1379    .text               stm32f10x_spi.o
    0x080061fc   0x0000377c   Code   RO         1402    .text               stm32f10x_tim.o
    0x08009978   0x00000dc0   Code   RO         1425    .text               stm32f10x_usart.o
    0x0800a738   0x000001dc   Code   RO         1468    .text               system_stm32f10x.o
    0x0800a914   0x000000d4   Code   RO         1492    .text               port.o
    0x0800a9e8   0x00000124   Code   RO         1511    .text               heap_2.o
    0x0800ab0c   0x00000024   Code   RO         1535    .text               mc_w.l(memcpya.o)
    0x0800ab30   0x00000024   Code   RO         1838    .text               mc_w.l(init.o)
    0x0800ab54   0x00000010   Code   RO         1562    i.__0printf$0       mc_w.l(printf0.o)
    0x0800ab64   0x0000000e   Code   RO         1844    i.__scatterload_copy  mc_w.l(handlers.o)
    0x0800ab72   0x00000002   Code   RO         1845    i.__scatterload_null  mc_w.l(handlers.o)
    0x0800ab74   0x0000000e   Code   RO         1846    i.__scatterload_zeroinit  mc_w.l(handlers.o)
    0x0800ab82   0x00000022   Code   RO         1569    i._printf_core      mc_w.l(printf0.o)
    0x0800aba4   0x000011d0   Data   RO          279    .constdata          lcd.o
    0x0800bd74   0x000025bf   Data   RO          335    .constdata          main.o
    0x0800e333   0x00000001   PAD
    0x0800e334   0x00000020   Data   RO         1842    Region$$Table       anon$$obj.o


    Execution Region RW_IRAM1 (Base: 0x20000000, Size: 0x00004848, Max: 0x00010000, ABSOLUTE)

    Base Addr    Size         Type   Attr      Idx    E Section Name        Object

    0x20000000   0x00000008   Data   RW          227    .data               serial.o
    0x20000008   0x00000004   Data   RW          280    .data               lcd.o
    0x2000000c   0x00000008   Data   RW          312    .data               timertest.o
    0x20000014   0x0000000c   Data   RW          336    .data               main.o
    0x20000020   0x00000038   Data   RW          824    .data               tasks.o
    0x20000058   0x00000010   Data   RW          851    .data               timers.o
    0x20000068   0x00000014   Data   RW         1312    .data               stm32f10x_rcc.o
    0x2000007c   0x00000014   Data   RW         1469    .data               system_stm32f10x.o
    0x20000090   0x00000004   Data   RW         1493    .data               port.o
    0x20000094   0x00000018   Data   RW         1513    .data               heap_2.o
    0x200000ac   0x00000004   Data   RW         1824    .data               mc_w.l(stdout.o)
    0x200000b0   0x000000a6   Zero   RW            4    .bss                key.o
    0x20000156   0x00000002   PAD
    0x20000158   0x000000c8   Zero   RW          823    .bss                tasks.o
    0x20000220   0x00000028   Zero   RW          850    .bss                timers.o
    0x20000248   0x00004400   Zero   RW         1512    .bss                heap_2.o
    0x20004648   0x00000200   Zero   RW          880    STACK               startup_stm32f10x_hd.o


==============================================================================

Image component sizes


      Code (inc. data)   RO Data    RW Data    ZI Data      Debug   Object Name

         0          0          0          0          0       1308   death.o
         0          0          0          0          0       2368   event_groups.o
       292         20          0         24      17408       2996   heap_2.o
      1416        140          0          0        166     267912   key.o
      2636        106       4560          4          0      12688   lcd.o
       200          6          0          0          0        771   led.o
       148          0          0          0          0       1718   list.o
       436         32       9663         12          0       3624   main.o
       492         78          0          0          0      12389   misc.o
       374         30          0          4          0       1384   port.o
      1560          0          0          0          0       8751   queue.o
       488         20          0          8          0       8671   serial.o
       976          8          0          0          0       4085   spi_flash.o
        36          8        304          0        512        832   startup_stm32f10x_hd.o
       744         74          0          0          0       4787   stm32f10x_exti.o
      3520        132          0          0          0      14439   stm32f10x_fsmc.o
      2672        208          0          0          0      15405   stm32f10x_gpio.o
        44          0          0          0          0       1045   stm32f10x_it.o
      2120        122          0         20          0      18672   stm32f10x_rcc.o
      2444        102          0          0          0      14690   stm32f10x_spi.o
     14204        840          0          0          0      50048   stm32f10x_tim.o
      3520        152          0          0          0      16176   stm32f10x_usart.o
       476         36          0         20          0       1799   system_stm32f10x.o
      3432        208          0         56        200      14908   tasks.o
       984         48          0         16         40       5884   timers.o
       248         20          0          8          0       1062   timertest.o

    ----------------------------------------------------------------------
     43464       2390      14560        172      18328     488412   Object Totals
         0          0         32          0          0          0   (incl. Generated)
         2          0          1          0          2          0   (incl. Padding)

    ----------------------------------------------------------------------

      Code (inc. data)   RO Data    RW Data    ZI Data      Debug   Library Member Name

         0          0          0          0          0          0   entry.o
         0          0          0          0          0          0   entry10a.o
         0          0          0          0          0          0   entry11a.o
         8          4          0          0          0          0   entry2.o
         4          0          0          0          0          0   entry5.o
         0          0          0          0          0          0   entry7b.o
         0          0          0          0          0          0   entry8b.o
         8          4          0          0          0          0   entry9a.o
        30          0          0          0          0          0   handlers.o
        36          8          0          0          0         68   init.o
        36          0          0          0          0         68   memcpya.o
        50          8          0          0          0        152   printf0.o
         0          0          0          4          0          0   stdout.o

    ----------------------------------------------------------------------
       172         24          0          4          0        288   Library Totals
         0          0          0          0          0          0   (incl. Padding)

    ----------------------------------------------------------------------

      Code (inc. data)   RO Data    RW Data    ZI Data      Debug   Library Name

       172         24          0          4          0        288   mc_w.l

    ----------------------------------------------------------------------
       172         24          0          4          0        288   Library Totals

    ----------------------------------------------------------------------

==============================================================================


      Code (inc. data)   RO Data    RW Data    ZI Data      Debug   

     43636       2414      14560        176      18328     486256   Grand Totals
     43636       2414      14560        176      18328     486256   ELF Image Totals
     43636       2414      14560        176          0          0   ROM Totals

==============================================================================

    Total RO  Size (Code + RO Data)                58196 (  56.83kB)
    Total RW  Size (RW Data + ZI Data)             18504 (  18.07kB)
    Total ROM Size (Code + RO Data + RW Data)      58372 (  57.00kB)

==============================================================================

